ERC report (2026-09-02T12:24:06, Encoding UTF8)
Report includes: Errors

***** Sheet /
[pin_not_connected]: Pin not connected
    ; error
    @(750 mils, 6900 mils): Symbol TP1 Pin 1 [1, Passive, Line]
[pin_not_connected]: Pin not connected
    ; error
    @(800 mils, 7300 mils): Symbol TP3 Pin 1 [1, Passive, Line]
[pin_not_connected]: Pin not connected
    ; error
    @(850 mils, 7600 mils): Symbol TP7 Pin 1 [1, Passive, Line]
[pin_not_connected]: Pin not connected
    ; error
    @(1300 mils, 6900 mils): Symbol TP2 Pin 1 [1, Passive, Line]
[pin_not_connected]: Pin not connected
    ; error
    @(1400 mils, 7250 mils): Symbol TP4 Pin 1 [1, Passive, Line]
[pin_not_connected]: Pin not connected
    ; error
    @(1400 mils, 7550 mils): Symbol TP6 Pin 1 [1, Passive, Line]
[pin_not_connected]: Pin not connected
    ; error
    @(1850 mils, 7500 mils): Symbol TP5 Pin 1 [1, Passive, Line]
[pin_not_connected]: Pin not connected
    ; error
    @(4500 mils, 3900 mils): Symbol A1 Pin 30 [RUN, Passive, Line]
[pin_not_connected]: Pin not connected
    ; error
    @(4500 mils, 4000 mils): Symbol A1 Pin 37 [3V3_EN, Passive, Line]
[pin_not_connected]: Pin not connected
    ; error
    @(4500 mils, 4200 mils): Symbol A1 Pin 1 [GPIO0, Bidirectional, Line]
[pin_not_connected]: Pin not connected
    ; error
    @(4500 mils, 4300 mils): Symbol A1 Pin 2 [GPIO1, Bidirectional, Line]
[pin_not_connected]: Pin not connected
    ; error
    @(4500 mils, 4800 mils): Symbol A1 Pin 9 [GPIO6, Bidirectional, Line]
[pin_not_connected]: Pin not connected
    ; error
    @(4500 mils, 4900 mils): Symbol A1 Pin 10 [GPIO7, Bidirectional, Line]
[pin_not_connected]: Pin not connected
    ; error
    @(4500 mils, 5000 mils): Symbol A1 Pin 11 [GPIO8, Bidirectional, Line]
[pin_not_connected]: Pin not connected
    ; error
    @(4500 mils, 5100 mils): Symbol A1 Pin 12 [GPIO9, Bidirectional, Line]
[pin_not_connected]: Pin not connected
    ; error
    @(4500 mils, 5200 mils): Symbol A1 Pin 14 [GPIO10, Bidirectional, Line]
[pin_not_connected]: Pin not connected
    ; error
    @(4500 mils, 5300 mils): Symbol A1 Pin 15 [GPIO11, Bidirectional, Line]
[pin_not_connected]: Pin not connected
    ; error
    @(4500 mils, 5400 mils): Symbol A1 Pin 16 [GPIO12, Bidirectional, Line]
[pin_not_connected]: Pin not connected
    ; error
    @(4500 mils, 5500 mils): Symbol A1 Pin 17 [GPIO13, Bidirectional, Line]
[pin_not_connected]: Pin not connected
    ; error
    @(4500 mils, 5600 mils): Symbol A1 Pin 19 [GPIO14, Bidirectional, Line]
[pin_not_connected]: Pin not connected
    ; error
    @(4500 mils, 5700 mils): Symbol A1 Pin 20 [GPIO15, Bidirectional, Line]
[pin_not_connected]: Pin not connected
    ; error
    @(5200 mils, 3300 mils): Symbol A1 Pin 39 [VSYS, Power input, Line]
[power_pin_not_driven]: Input Power pin not driven by any Output Power pins
    ; error
    @(5200 mils, 3300 mils): Symbol A1 Pin 39 [VSYS, Power input, Line]
[different_unit_footprint]: Different footprints assigned to U1C and U1A
    ; error
    @(4600 mils, 1850 mils): Symbol U1 [MCP6022]
    @(5600 mils, 1400 mils): Symbol U1 [MCP6022]
[pin_not_connected]: Pin not connected
    ; error
    @(6300 mils, 4300 mils): Symbol A1 Pin 21 [GPIO16, Bidirectional, Line]
[pin_not_connected]: Pin not connected
    ; error
    @(6300 mils, 4400 mils): Symbol A1 Pin 22 [GPIO17, Bidirectional, Line]
[pin_not_connected]: Pin not connected
    ; error
    @(6300 mils, 4500 mils): Symbol A1 Pin 24 [GPIO18, Bidirectional, Line]
[pin_not_connected]: Pin not connected
    ; error
    @(6300 mils, 4600 mils): Symbol A1 Pin 25 [GPIO19, Bidirectional, Line]
[pin_not_connected]: Pin not connected
    ; error
    @(6300 mils, 4700 mils): Symbol A1 Pin 26 [GPIO20, Bidirectional, Line]
[pin_not_connected]: Pin not connected
    ; error
    @(6300 mils, 4800 mils): Symbol A1 Pin 27 [GPIO21, Bidirectional, Line]
[pin_not_connected]: Pin not connected
    ; error
    @(6300 mils, 4900 mils): Symbol A1 Pin 29 [GPIO22, Bidirectional, Line]
[pin_not_connected]: Pin not connected
    ; error
    @(6300 mils, 5100 mils): Symbol A1 Pin 35 [ADC_VREF, Power input, Line]
[power_pin_not_driven]: Input Power pin not driven by any Output Power pins
    ; error
    @(6300 mils, 5100 mils): Symbol A1 Pin 35 [ADC_VREF, Power input, Line]
[pin_not_connected]: Pin not connected
    ; error
    @(6300 mils, 5400 mils): Symbol A1 Pin 32 [GPIO27_ADC1, Bidirectional, Line]
[pin_not_connected]: Pin not connected
    ; error
    @(6300 mils, 5500 mils): Symbol A1 Pin 34 [GPIO28_ADC2, Bidirectional, Line]
[pin_not_connected]: Pin not connected
    ; error
    @(6300 mils, 5700 mils): Symbol A1 Pin 33 [AGND, Power output, Line]

 ** ERC messages: 36  Errors 36  Warnings 0

 ** Ignored checks:
    - Global label only appears once in the schematic
    - Four connection points are joined together
    - SPICE model issue
    - Assigned footprint doesn't match footprint filters
