Archive member included to satisfy reference by file (symbol)

c:/progra~2/armgnu~1/12977f~1.2mp/bin/../lib/gcc/arm-none-eabi/12.2.1/thumb/v6-m/nofp\libgcc.a(_dvmd_tls.o)
                              CMakeFiles/beadsense_test.dir/C_/Users/info/.pico-sdk/sdk/2.2.0/src/rp2_common/pico_divider/divider_hardware.S.obj (__aeabi_idiv0)
c:/progra~2/armgnu~1/12977f~1.2mp/bin/../lib/gcc/arm-none-eabi/12.2.1/thumb/v6-m/nofp\libg.a(libc_a-calloc.o)
                              CMakeFiles/beadsense_test.dir/C_/Users/info/.pico-sdk/sdk/2.2.0/src/rp2_common/pico_malloc/malloc.c.obj (calloc)
c:/progra~2/armgnu~1/12977f~1.2mp/bin/../lib/gcc/arm-none-eabi/12.2.1/thumb/v6-m/nofp\libg.a(libc_a-callocr.o)
                              c:/progra~2/armgnu~1/12977f~1.2mp/bin/../lib/gcc/arm-none-eabi/12.2.1/thumb/v6-m/nofp\libg.a(libc_a-calloc.o) (_calloc_r)
c:/progra~2/armgnu~1/12977f~1.2mp/bin/../lib/gcc/arm-none-eabi/12.2.1/thumb/v6-m/nofp\libg.a(libc_a-malloc.o)
                              CMakeFiles/beadsense_test.dir/C_/Users/info/.pico-sdk/sdk/2.2.0/src/rp2_common/pico_malloc/malloc.c.obj (malloc)
c:/progra~2/armgnu~1/12977f~1.2mp/bin/../lib/gcc/arm-none-eabi/12.2.1/thumb/v6-m/nofp\libg.a(libc_a-mallocr.o)
                              c:/progra~2/armgnu~1/12977f~1.2mp/bin/../lib/gcc/arm-none-eabi/12.2.1/thumb/v6-m/nofp\libg.a(libc_a-callocr.o) (_malloc_r)
c:/progra~2/armgnu~1/12977f~1.2mp/bin/../lib/gcc/arm-none-eabi/12.2.1/thumb/v6-m/nofp\libg.a(libc_a-mlock.o)
                              c:/progra~2/armgnu~1/12977f~1.2mp/bin/../lib/gcc/arm-none-eabi/12.2.1/thumb/v6-m/nofp\libg.a(libc_a-mallocr.o) (__malloc_lock)
c:/progra~2/armgnu~1/12977f~1.2mp/bin/../lib/gcc/arm-none-eabi/12.2.1/thumb/v6-m/nofp\libg.a(libc_a-realloc.o)
                              CMakeFiles/beadsense_test.dir/C_/Users/info/.pico-sdk/sdk/2.2.0/src/rp2_common/pico_malloc/malloc.c.obj (realloc)
c:/progra~2/armgnu~1/12977f~1.2mp/bin/../lib/gcc/arm-none-eabi/12.2.1/thumb/v6-m/nofp\libg.a(libc_a-reallocr.o)
                              c:/progra~2/armgnu~1/12977f~1.2mp/bin/../lib/gcc/arm-none-eabi/12.2.1/thumb/v6-m/nofp\libg.a(libc_a-realloc.o) (_realloc_r)
c:/progra~2/armgnu~1/12977f~1.2mp/bin/../lib/gcc/arm-none-eabi/12.2.1/thumb/v6-m/nofp\libg.a(libc_a-fflush.o)
                              CMakeFiles/beadsense_test.dir/main.c.obj (fflush)
c:/progra~2/armgnu~1/12977f~1.2mp/bin/../lib/gcc/arm-none-eabi/12.2.1/thumb/v6-m/nofp\libg.a(libc_a-findfp.o)
                              c:/progra~2/armgnu~1/12977f~1.2mp/bin/../lib/gcc/arm-none-eabi/12.2.1/thumb/v6-m/nofp\libg.a(libc_a-fflush.o) (__sglue)
c:/progra~2/armgnu~1/12977f~1.2mp/bin/../lib/gcc/arm-none-eabi/12.2.1/thumb/v6-m/nofp\libg.a(libc_a-fwalk.o)
                              c:/progra~2/armgnu~1/12977f~1.2mp/bin/../lib/gcc/arm-none-eabi/12.2.1/thumb/v6-m/nofp\libg.a(libc_a-fflush.o) (_fwalk_sglue)
c:/progra~2/armgnu~1/12977f~1.2mp/bin/../lib/gcc/arm-none-eabi/12.2.1/thumb/v6-m/nofp\libg.a(libc_a-fwrite.o)
                              CMakeFiles/beadsense_test.dir/main.c.obj (fwrite)
c:/progra~2/armgnu~1/12977f~1.2mp/bin/../lib/gcc/arm-none-eabi/12.2.1/thumb/v6-m/nofp\libg.a(libc_a-stdio.o)
                              c:/progra~2/armgnu~1/12977f~1.2mp/bin/../lib/gcc/arm-none-eabi/12.2.1/thumb/v6-m/nofp\libg.a(libc_a-findfp.o) (__sread)
c:/progra~2/armgnu~1/12977f~1.2mp/bin/../lib/gcc/arm-none-eabi/12.2.1/thumb/v6-m/nofp\libg.a(libc_a-memcmp.o)
                              CMakeFiles/beadsense_test.dir/C_/Users/info/.pico-sdk/sdk/2.2.0/src/rp2_common/pico_atomic/atomic.c.obj (memcmp)
c:/progra~2/armgnu~1/12977f~1.2mp/bin/../lib/gcc/arm-none-eabi/12.2.1/thumb/v6-m/nofp\libg.a(libc_a-memmove.o)
                              c:/progra~2/armgnu~1/12977f~1.2mp/bin/../lib/gcc/arm-none-eabi/12.2.1/thumb/v6-m/nofp\libg.a(libc_a-reallocr.o) (memmove)
c:/progra~2/armgnu~1/12977f~1.2mp/bin/../lib/gcc/arm-none-eabi/12.2.1/thumb/v6-m/nofp\libg.a(libc_a-lcltime_r.o)
                              CMakeFiles/beadsense_test.dir/C_/Users/info/.pico-sdk/sdk/2.2.0/src/common/pico_util/datetime.c.obj (localtime_r)
c:/progra~2/armgnu~1/12977f~1.2mp/bin/../lib/gcc/arm-none-eabi/12.2.1/thumb/v6-m/nofp\libg.a(libc_a-mktime.o)
                              CMakeFiles/beadsense_test.dir/C_/Users/info/.pico-sdk/sdk/2.2.0/src/common/pico_util/datetime.c.obj (mktime)
c:/progra~2/armgnu~1/12977f~1.2mp/bin/../lib/gcc/arm-none-eabi/12.2.1/thumb/v6-m/nofp\libg.a(libc_a-month_lengths.o)
                              c:/progra~2/armgnu~1/12977f~1.2mp/bin/../lib/gcc/arm-none-eabi/12.2.1/thumb/v6-m/nofp\libg.a(libc_a-lcltime_r.o) (__month_lengths)
c:/progra~2/armgnu~1/12977f~1.2mp/bin/../lib/gcc/arm-none-eabi/12.2.1/thumb/v6-m/nofp\libg.a(libc_a-tzcalc_limits.o)
                              c:/progra~2/armgnu~1/12977f~1.2mp/bin/../lib/gcc/arm-none-eabi/12.2.1/thumb/v6-m/nofp\libg.a(libc_a-lcltime_r.o) (__tzcalc_limits)
[...]
Memory Configuration

Name             Origin             Length             Attributes
FLASH            0x10000000         0x00200000         xr
RAM              0x20000000         0x00040000         xrw
SCRATCH_X        0x20040000         0x00001000         xrw
SCRATCH_Y        0x20041000         0x00001000         xrw
*default*        0x00000000         0xffffffff

Linker script and memory map

LOAD c:/progra~2/armgnu~1/12977f~1.2mp/bin/../lib/gcc/arm-none-eabi/12.2.1/thumb/v6-m/nofp/crti.o
LOAD c:/progra~2/armgnu~1/12977f~1.2mp/bin/../lib/gcc/arm-none-eabi/12.2.1/thumb/v6-m/nofp/crtbegin.o
LOAD c:/progra~2/armgnu~1/12977f~1.2mp/bin/../lib/gcc/arm-none-eabi/12.2.1/thumb/v6-m/nofp/crt0.o

.flash_begin    0x10000000        0x0
                0x10000000                        __flash_binary_start = .

.boot2          0x10000000      0x100
                0x10000000                        __boot2_start__ = .
 *(.boot2)
 .boot2         0x10000000      0x100 pico-sdk/src/rp2040/boot_stage2/CMakeFiles/bs2_default_library.dir/./bs2_default_padded_checksummed.S.obj
                0x10000100                        __boot2_end__ = .
                0x00000001                        ASSERT (((__boot2_end__ - __boot2_start__) == 0x100), ERROR: Pico second stage bootloader must be 256 bytes in size)

.text           0x10000100     0x6424
                0x10000100                        __logical_binary_start = .
 *(.vectors)
 .vectors       0x10000100       0xd4 CMakeFiles/beadsense_test.dir/C_/Users/info/.pico-sdk/sdk/2.2.0/src/rp2_common/pico_crt0/crt0.S.obj
                0x10000100                __VECTOR_TABLE
                0x10000100                __vectors
                0x100001c0                isr_irq13
                0x100001c0                isr_irq27
                0x100001c0                isr_irq31
                0x100001c0                isr_irq12
                0x100001c0                isr_irq5
                0x100001c0                isr_irq11
                0x100001c0                isr_irq3
                0x100001c0                isr_irq23
                0x100001c0                __unhandled_user_irq
                0x100001c0                isr_irq26
                0x100001c0                isr_irq28
                0x100001c0                isr_irq19
                0x100001c0                isr_irq0
                0x100001c0                isr_irq6
                0x100001c0                isr_irq29
                0x100001c0                isr_irq16
                0x100001c0                isr_irq22
                0x100001c0                isr_irq18
                0x100001c0                isr_irq17
                0x100001c0                isr_irq14
                0x100001c0                __vectors_end
                0x100001c0                __default_isrs_start
                0x100001c0                isr_irq2
                0x100001c0                isr_irq10
                0x100001c0                isr_irq8
                0x100001c0                isr_irq24
                0x100001c0                isr_irq1
                0x100001c0                isr_irq7
                0x100001c0                isr_irq21
                0x100001c0                isr_irq20
                0x100001c0                isr_irq15
                0x100001c0                isr_irq25
                0x100001c0                isr_irq4
                0x100001c0                isr_irq30
                0x100001c0                isr_irq9
                0x100001c6                unhandled_user_irq_num_in_r0
                0x100001c8                isr_invalid
                0x100001ca                isr_nmi
                0x100001cc                isr_hardfault
                0x100001ce                isr_svcall
                0x100001d0                isr_pendsv
                0x100001d2                isr_systick
                0x100001d4                __default_isrs_end
 *(.binary_info_header)
 .binary_info_header
                0x100001d4       0x14 CMakeFiles/beadsense_test.dir/C_/Users/info/.pico-sdk/sdk/2.2.0/src/rp2_common/pico_crt0/crt0.S.obj
                0x100001e8                        __binary_info_header_end = .
 *(.embedded_block)
                0x100001e8                        __embedded_block_end = .
 *(.reset)
 .reset         0x100001e8       0x9c CMakeFiles/beadsense_test.dir/C_/Users/info/.pico-sdk/sdk/2.2.0/src/rp2_common/pico_crt0/crt0.S.obj
                0x100001e8                _entry_point
 *(.init)
 .init          0x10000284        0x4 c:/progra~2/armgnu~1/12977f~1.2mp/bin/../lib/gcc/arm-none-eabi/12.2.1/thumb/v6-m/nofp/crti.o
                0x10000284                _init
 *(EXCLUDE_FILE(*libm.a: *libc.a:*lib_a-mem*.o *libgcc.a:) .text*)
 .text.register_tm_clones
                0x10000288       0x28 c:/progra~2/armgnu~1/12977f~1.2mp/bin/../lib/gcc/arm-none-eabi/12.2.1/thumb/v6-m/nofp/crtbegin.o
 .text.frame_dummy
                0x100002b0       0x24 c:/progra~2/armgnu~1/12977f~1.2mp/bin/../lib/gcc/arm-none-eabi/12.2.1/thumb/v6-m/nofp/crtbegin.o
 .text.startup.main
                0x100002d4      0x2b8 CMakeFiles/beadsense_test.dir/main.c.obj
                0x100002d4                main
 .text.gpio_set_function
                0x1000058c       0x34 CMakeFiles/beadsense_test.dir/C_/Users/info/.pico-sdk/sdk/2.2.0/src/rp2_common/hardware_gpio/gpio.c.obj
                0x1000058c                gpio_set_function
 .text.gpio_set_pulls
                0x100005c0       0x28 CMakeFiles/beadsense_test.dir/C_/Users/info/.pico-sdk/sdk/2.2.0/src/rp2_common/hardware_gpio/gpio.c.obj
                0x100005c0                gpio_set_pulls
 .text.gpio_set_input_enabled
                0x100005e8       0x28 CMakeFiles/beadsense_test.dir/C_/Users/info/.pico-sdk/sdk/2.2.0/src/rp2_common/hardware_gpio/gpio.c.obj
                0x100005e8                gpio_set_input_enabled
 .text.gpio_init
                0x10000610       0x40 CMakeFiles/beadsense_test.dir/C_/Users/info/.pico-sdk/sdk/2.2.0/src/rp2_common/hardware_gpio/gpio.c.obj
                0x10000610                gpio_init
 .text.rp2040_chip_version
                0x10000650        0xc CMakeFiles/beadsense_test.dir/C_/Users/info/.pico-sdk/sdk/2.2.0/src/rp2040/pico_platform/platform.c.obj
                0x10000650                rp2040_chip_version
 .text.panic    0x1000065c       0x30 CMakeFiles/beadsense_test.dir/C_/Users/info/.pico-sdk/sdk/2.2.0/src/rp2_common/pico_platform_panic/panic.c.obj
                0x1000065c                panic
 .text.hw_claim_or_assert
                0x1000068c       0x44 CMakeFiles/beadsense_test.dir/C_/Users/info/.pico-sdk/sdk/2.2.0/src/common/hardware_claim/claim.c.obj
                0x1000068c                hw_claim_or_assert
 .text.hw_claim_unused_from_range
                0x100006d0       0x9c CMakeFiles/beadsense_test.dir/C_/Users/info/.pico-sdk/sdk/2.2.0/src/common/hardware_claim/claim.c.obj
                0x100006d0                hw_claim_unused_from_range
 .text.next_striped_spin_lock_num
                0x1000076c       0x18 CMakeFiles/beadsense_test.dir/C_/Users/info/.pico-sdk/sdk/2.2.0/src/rp2_common/hardware_sync/sync.c.obj
                0x1000076c                next_striped_spin_lock_num
 .text.spin_lock_claim_unused
                0x10000784       0x24 CMakeFiles/beadsense_test.dir/C_/Users/info/.pico-sdk/sdk/2.2.0/src/rp2_common/hardware_sync/sync.c.obj
                0x10000784                spin_lock_claim_unused
 .text.spin_locks_reset
                0x100007a8       0x1c CMakeFiles/beadsense_test.dir/C_/Users/info/.pico-sdk/sdk/2.2.0/src/rp2_common/hardware_sync_spin_lock/sync_spin_lock.c.obj
                0x100007a8                spin_locks_reset
 .text.runtime_init_per_core_irq_priorities
                0x100007c4       0x24 CMakeFiles/beadsense_test.dir/C_/Users/info/.pico-sdk/sdk/2.2.0/src/rp2_common/hardware_irq/irq.c.obj
                0x100007c4                runtime_init_per_core_irq_priorities
 .text.irq_set_enabled
                0x100007e8       0x24 CMakeFiles/beadsense_test.dir/C_/Users/info/.pico-sdk/sdk/2.2.0/src/rp2_common/hardware_irq/irq.c.obj
                0x100007e8                irq_set_enabled
 .text.irq_is_enabled
                0x1000080c       0x18 CMakeFiles/beadsense_test.dir/C_/Users/info/.pico-sdk/sdk/2.2.0/src/rp2_common/hardware_irq/irq.c.obj
                0x1000080c                irq_is_enabled
 .text.irq_set_pending
                0x10000824       0x10 CMakeFiles/beadsense_test.dir/C_/Users/info/.pico-sdk/sdk/2.2.0/src/rp2_common/hardware_irq/irq.c.obj
                0x10000824                irq_set_pending
 .text.irq_has_shared_handler
                0x10000834       0x24 CMakeFiles/beadsense_test.dir/C_/Users/info/.pico-sdk/sdk/2.2.0/src/rp2_common/hardware_irq/irq.c.obj
                0x10000834                irq_has_shared_handler
 .text.irq_set_exclusive_handler
                0x10000858       0x54 CMakeFiles/beadsense_test.dir/C_/Users/info/.pico-sdk/sdk/2.2.0/src/rp2_common/hardware_irq/irq.c.obj
                0x10000858                irq_set_exclusive_handler
 .text.irq_add_shared_handler
                0x100008ac      0x1e0 CMakeFiles/beadsense_test.dir/C_/Users/info/.pico-sdk/sdk/2.2.0/src/rp2_common/hardware_irq/irq.c.obj
                0x100008ac                irq_add_shared_handler
 .text.irq_add_tail_to_free_list
                0x10000a8c       0xb4 CMakeFiles/beadsense_test.dir/C_/Users/info/.pico-sdk/sdk/2.2.0/src/rp2_common/hardware_irq/irq.c.obj
                0x10000a8c                irq_add_tail_to_free_list
 .text.user_irq_claim_unused
                0x10000b40       0x2c CMakeFiles/beadsense_test.dir/C_/Users/info/.pico-sdk/sdk/2.2.0/src/rp2_common/hardware_irq/irq.c.obj
                0x10000b40                user_irq_claim_unused
 .text.lock_init
                0x10000b6c       0x10 CMakeFiles/beadsense_test.dir/C_/Users/info/.pico-sdk/sdk/2.2.0/src/common/pico_sync/lock_core.c.obj
                0x10000b6c                lock_init
 .text.runtime_init_mutex
                0x10000b7c       0x60 CMakeFiles/beadsense_test.dir/C_/Users/info/.pico-sdk/sdk/2.2.0/src/common/pico_sync/mutex.c.obj
                0x10000b7c                runtime_init_mutex
 .text.mutex_init
                0x10000bdc       0x1c CMakeFiles/beadsense_test.dir/C_/Users/info/.pico-sdk/sdk/2.2.0/src/common/pico_sync/mutex.c.obj
                0x10000bdc                mutex_init
 .text.critical_section_init
                0x10000bf8       0x1c CMakeFiles/beadsense_test.dir/C_/Users/info/.pico-sdk/sdk/2.2.0/src/common/pico_sync/critical_section.c.obj
                0x10000bf8                critical_section_init
 .text.critical_section_init_with_lock_num
                0x10000c14       0x14 CMakeFiles/beadsense_test.dir/C_/Users/info/.pico-sdk/sdk/2.2.0/src/common/pico_sync/critical_section.c.obj
                0x10000c14                critical_section_init_with_lock_num
 .text.sleep_until_callback
                0x10000c28       0x30 CMakeFiles/beadsense_test.dir/C_/Users/info/.pico-sdk/sdk/2.2.0/src/common/pico_time/time.c.obj
 .text.alarm_pool_irq_handler
                0x10000c58      0x2fc CMakeFiles/beadsense_test.dir/C_/Users/info/.pico-sdk/sdk/2.2.0/src/common/pico_time/time.c.obj
 .text.runtime_init_default_alarm_pool
                0x10000f54       0xdc CMakeFiles/beadsense_test.dir/C_/Users/info/.pico-sdk/sdk/2.2.0/src/common/pico_time/time.c.obj
                0x10000f54                runtime_init_default_alarm_pool
 .text.alarm_pool_get_default
                0x10001030        0x8 CMakeFiles/beadsense_test.dir/C_/Users/info/.pico-sdk/sdk/2.2.0/src/common/pico_time/time.c.obj
                0x10001030                alarm_pool_get_default
 .text.alarm_pool_add_alarm_at
                0x10001038       0xd4 CMakeFiles/beadsense_test.dir/C_/Users/info/.pico-sdk/sdk/2.2.0/src/common/pico_time/time.c.obj
                0x10001038                alarm_pool_add_alarm_at
 .text.alarm_pool_add_alarm_at_force_in_context
                0x1000110c       0xb0 CMakeFiles/beadsense_test.dir/C_/Users/info/.pico-sdk/sdk/2.2.0/src/common/pico_time/time.c.obj
                0x1000110c                alarm_pool_add_alarm_at_force_in_context
 .text.alarm_pool_cancel_alarm
                0x100011bc       0x74 CMakeFiles/beadsense_test.dir/C_/Users/info/.pico-sdk/sdk/2.2.0/src/common/pico_time/time.c.obj
                0x100011bc                alarm_pool_cancel_alarm
 .text.alarm_pool_core_num
                0x10001230        0x4 CMakeFiles/beadsense_test.dir/C_/Users/info/.pico-sdk/sdk/2.2.0/src/common/pico_time/time.c.obj
                0x10001230                alarm_pool_core_num
 .text.sleep_until
                0x10001234       0xd8 CMakeFiles/beadsense_test.dir/C_/Users/info/.pico-sdk/sdk/2.2.0/src/common/pico_time/time.c.obj
                0x10001234                sleep_until
 .text.sleep_ms
                0x1000130c       0x38 CMakeFiles/beadsense_test.dir/C_/Users/info/.pico-sdk/sdk/2.2.0/src/common/pico_time/time.c.obj
                0x1000130c                sleep_ms
 .text.best_effort_wfe_or_timeout
                0x10001344       0xf8 CMakeFiles/beadsense_test.dir/C_/Users/info/.pico-sdk/sdk/2.2.0/src/common/pico_time/time.c.obj
                0x10001344                best_effort_wfe_or_timeout
 .text.timer_hardware_alarm_claim
                0x1000143c       0x14 CMakeFiles/beadsense_test.dir/C_/Users/info/.pico-sdk/sdk/2.2.0/src/rp2_common/hardware_timer/timer.c.obj
                0x1000143c                timer_hardware_alarm_claim
 .text.timer_time_us_64
                0x10001450       0x10 CMakeFiles/beadsense_test.dir/C_/Users/info/.pico-sdk/sdk/2.2.0/src/rp2_common/hardware_timer/timer.c.obj
                0x10001450                timer_time_us_64
 .text.time_us_64
                0x10001460       0x14 CMakeFiles/beadsense_test.dir/C_/Users/info/.pico-sdk/sdk/2.2.0/src/rp2_common/hardware_timer/timer.c.obj
                0x10001460                time_us_64
 .text.busy_wait_us_32
                0x10001474       0x7c CMakeFiles/beadsense_test.dir/C_/Users/info/.pico-sdk/sdk/2.2.0/src/rp2_common/hardware_timer/timer.c.obj
                0x10001474                busy_wait_us_32
 .text.busy_wait_us
                0x100014f0       0x68 CMakeFiles/beadsense_test.dir/C_/Users/info/.pico-sdk/sdk/2.2.0/src/rp2_common/hardware_timer/timer.c.obj
                0x100014f0                busy_wait_us
 .text.busy_wait_until
                0x10001558       0x20 CMakeFiles/beadsense_test.dir/C_/Users/info/.pico-sdk/sdk/2.2.0/src/rp2_common/hardware_timer/timer.c.obj
                0x10001558                busy_wait_until
 .text.clock_configure_int_divider
                0x10001578       0xf0 CMakeFiles/beadsense_test.dir/C_/Users/info/.pico-sdk/sdk/2.2.0/src/rp2_common/hardware_clocks/clocks.c.obj
                0x10001578                clock_configure_int_divider
 .text.clock_configure_undivided
                0x10001668       0xe4 CMakeFiles/beadsense_test.dir/C_/Users/info/.pico-sdk/sdk/2.2.0/src/rp2_common/hardware_clocks/clocks.c.obj
                0x10001668                clock_configure_undivided
 .text.clock_get_hz
                0x1000174c        0xc CMakeFiles/beadsense_test.dir/C_/Users/info/.pico-sdk/sdk/2.2.0/src/rp2_common/hardware_clocks/clocks.c.obj
                0x1000174c                clock_get_hz
 .text.pll_init
                0x10001758       0xa0 CMakeFiles/beadsense_test.dir/C_/Users/info/.pico-sdk/sdk/2.2.0/src/rp2_common/hardware_pll/pll.c.obj
                0x10001758                pll_init
 .text.watchdog_reboot
                0x100017f8       0x9c CMakeFiles/beadsense_test.dir/C_/Users/info/.pico-sdk/sdk/2.2.0/src/rp2_common/hardware_watchdog/watchdog.c.obj
                0x100017f8                watchdog_reboot
 .text.tick_start
                0x10001894       0x10 CMakeFiles/beadsense_test.dir/C_/Users/info/.pico-sdk/sdk/2.2.0/src/rp2_common/hardware_ticks/ticks.c.obj
                0x10001894                tick_start
 .text.rom_func_lookup
                0x100018a4       0x10 CMakeFiles/beadsense_test.dir/C_/Users/info/.pico-sdk/sdk/2.2.0/src/rp2_common/pico_bootrom/bootrom.c.obj
                0x100018a4                rom_func_lookup
 .text.rom_data_lookup
                0x100018b4       0x10 CMakeFiles/beadsense_test.dir/C_/Users/info/.pico-sdk/sdk/2.2.0/src/rp2_common/pico_bootrom/bootrom.c.obj
                0x100018b4                rom_data_lookup
 .text.rom_funcs_lookup
                0x100018c4       0x44 CMakeFiles/beadsense_test.dir/C_/Users/info/.pico-sdk/sdk/2.2.0/src/rp2_common/pico_bootrom/bootrom.c.obj
                0x100018c4                rom_funcs_lookup
 .text.rom_reset_usb_boot_extra
                0x10001908       0x28 CMakeFiles/beadsense_test.dir/C_/Users/info/.pico-sdk/sdk/2.2.0/src/rp2_common/pico_bootrom/bootrom.c.obj
                0x10001908                rom_reset_usb_boot_extra
 .text.xosc_init
                0x10001930       0x28 CMakeFiles/beadsense_test.dir/C_/Users/info/.pico-sdk/sdk/2.2.0/src/rp2_common/hardware_xosc/xosc.c.obj
                0x10001930                xosc_init
 .text.first_per_core_initializer
                0x10001958        0x4 CMakeFiles/beadsense_test.dir/C_/Users/info/.pico-sdk/sdk/2.2.0/src/rp2_common/pico_runtime/runtime.c.obj
 .text.hard_assertion_failure
                0x1000195c        0xc CMakeFiles/beadsense_test.dir/C_/Users/info/.pico-sdk/sdk/2.2.0/src/rp2_common/pico_runtime/runtime.c.obj
                0x1000195c                hard_assertion_failure
 .text.runtime_run_initializers
                0x10001968       0x28 CMakeFiles/beadsense_test.dir/C_/Users/info/.pico-sdk/sdk/2.2.0/src/rp2_common/pico_runtime/runtime.c.obj
                0x10001968                runtime_run_initializers
 .text.runtime_init_early_resets
                0x10001990       0x2c CMakeFiles/beadsense_test.dir/C_/Users/info/.pico-sdk/sdk/2.2.0/src/rp2_common/pico_runtime_init/runtime_init.c.obj
                0x10001990                runtime_init_early_resets
 .text.runtime_init_usb_power_down
                0x100019bc       0x1c CMakeFiles/beadsense_test.dir/C_/Users/info/.pico-sdk/sdk/2.2.0/src/rp2_common/pico_runtime_init/runtime_init.c.obj
                0x100019bc                runtime_init_usb_power_down
 .text.runtime_init_post_clock_resets
                0x100019d8       0x20 CMakeFiles/beadsense_test.dir/C_/Users/info/.pico-sdk/sdk/2.2.0/src/rp2_common/pico_runtime_init/runtime_init.c.obj
                0x100019d8                runtime_init_post_clock_resets
 .text.runtime_init_rp2040_gpio_ie_disable
                0x100019f8       0x14 CMakeFiles/beadsense_test.dir/C_/Users/info/.pico-sdk/sdk/2.2.0/src/rp2_common/pico_runtime_init/runtime_init.c.obj
                0x100019f8                runtime_init_rp2040_gpio_ie_disable
 .text.runtime_init_spin_locks_reset
                0x10001a0c        0x8 CMakeFiles/beadsense_test.dir/C_/Users/info/.pico-sdk/sdk/2.2.0/src/rp2_common/pico_runtime_init/runtime_init.c.obj
                0x10001a0c                runtime_init_spin_locks_reset
 .text.runtime_init_install_ram_vector_table
                0x10001a14       0xc4 CMakeFiles/beadsense_test.dir/C_/Users/info/.pico-sdk/sdk/2.2.0/src/rp2_common/pico_runtime_init/runtime_init.c.obj
                0x10001a14                runtime_init_install_ram_vector_table
 .text.runtime_init_clocks
                0x10001ad8       0xd8 CMakeFiles/beadsense_test.dir/C_/Users/info/.pico-sdk/sdk/2.2.0/src/rp2_common/pico_runtime_init/runtime_init_clocks.c.obj
                0x10001ad8                runtime_init_clocks
 .text          0x10001bb0       0x10 CMakeFiles/beadsense_test.dir/C_/Users/info/.pico-sdk/sdk/2.2.0/src/rp2_common/pico_bit_ops/bit_ops_aeabi.S.obj
 .text.__wrap___aeabi_idiv
                0x10001bc0       0x50 CMakeFiles/beadsense_test.dir/C_/Users/info/.pico-sdk/sdk/2.2.0/src/rp2_common/pico_divider/divider_hardware.S.obj
                0x10001bc0                __wrap___aeabi_idivmod
                0x10001bc0                divmod_s32s32
                0x10001bc0                div_s32s32
                0x10001bc0                __wrap___aeabi_idiv
                0x10001bc8                divmod_s32s32_unsafe
                0x10001bf4                divmod_s32s32_savestate
 .text.__wrap___aeabi_uidiv
                0x10001c10       0x4c CMakeFiles/beadsense_test.dir/C_/Users/info/.pico-sdk/sdk/2.2.0/src/rp2_common/pico_divider/divider_hardware.S.obj
                0x10001c10                __wrap___aeabi_uidiv
                0x10001c10                __wrap___aeabi_uidivmod
                0x10001c10                div_u32u32
                0x10001c10                divmod_u32u32
                0x10001c18                divmod_u32u32_unsafe
                0x10001c40                divmod_u32u32_savestate
 .text.__aeabi_double_init
                0x10001c5c       0xa4 CMakeFiles/beadsense_test.dir/C_/Users/info/.pico-sdk/sdk/2.2.0/src/rp2_common/pico_double/double_init_rom_rp2040.c.obj
                0x10001c5c                __aeabi_double_init
 .text.double_table_shim_on_use_helper
                0x10001d00       0x2c CMakeFiles/beadsense_test.dir/C_/Users/info/.pico-sdk/sdk/2.2.0/src/rp2_common/pico_double/double_v1_rom_shim_rp2040.S.obj
                0x10001d00                double_table_shim_on_use_helper
 .text.__aeabi_lmul
                0x10001d2c       0x32 CMakeFiles/beadsense_test.dir/C_/Users/info/.pico-sdk/sdk/2.2.0/src/rp2_common/pico_int64_ops/pico_int64_ops_aeabi.S.obj
                0x10001d2c                __wrap___aeabi_lmul
 *fill*         0x10001d5e        0x2 
 .text.__aeabi_float_init
                0x10001d60       0x64 CMakeFiles/beadsense_test.dir/C_/Users/info/.pico-sdk/sdk/2.2.0/src/rp2_common/pico_float/float_init_rom_rp2040.c.obj
                0x10001d60                __aeabi_float_init
 .text.float_table_shim_on_use_helper
                0x10001dc4       0x2c CMakeFiles/beadsense_test.dir/C_/Users/info/.pico-sdk/sdk/2.2.0/src/rp2_common/pico_float/float_v1_rom_shim_rp2040.S.obj
                0x10001dc4                float_table_shim_on_use_helper
 .text          0x10001df0       0x10 CMakeFiles/beadsense_test.dir/C_/Users/info/.pico-sdk/sdk/2.2.0/src/rp2_common/pico_mem_ops/mem_ops_aeabi.S.obj
                0x10001df0                __aeabi_mem_init
 .text.memset   0x10001e00        0xc CMakeFiles/beadsense_test.dir/C_/Users/info/.pico-sdk/sdk/2.2.0/src/rp2_common/pico_mem_ops/mem_ops_aeabi.S.obj
                0x10001e00                __wrap_memset
 .text.memcpy   0x10001e0c        0xc CMakeFiles/beadsense_test.dir/C_/Users/info/.pico-sdk/sdk/2.2.0/src/rp2_common/pico_mem_ops/mem_ops_aeabi.S.obj
                0x10001e0c                __wrap_memcpy
                0x10001e0c                __wrap___aeabi_memcpy
 .text._out_char
                0x10001e18       0x10 CMakeFiles/beadsense_test.dir/C_/Users/info/.pico-sdk/sdk/2.2.0/src/rp2_common/pico_printf/printf.c.obj
 .text.weak_raw_vprintf
                0x10001e28       0x30 CMakeFiles/beadsense_test.dir/C_/Users/info/.pico-sdk/sdk/2.2.0/src/rp2_common/pico_printf/printf.c.obj
                0x10001e28                weak_raw_vprintf
 .text._exit    0x10001e58        0x4 CMakeFiles/beadsense_test.dir/C_/Users/info/.pico-sdk/sdk/2.2.0/src/rp2_common/pico_clib_interface/newlib_interface.c.obj
                0x10001e58                _exit
 .text._sbrk    0x10001e5c       0x34 CMakeFiles/beadsense_test.dir/C_/Users/info/.pico-sdk/sdk/2.2.0/src/rp2_common/pico_clib_interface/newlib_interface.c.obj
                0x10001e5c                _sbrk
 .text._read    0x10001e90       0x24 CMakeFiles/beadsense_test.dir/C_/Users/info/.pico-sdk/sdk/2.2.0/src/rp2_common/pico_clib_interface/newlib_interface.c.obj
                0x10001e90                _read
 .text._write   0x10001eb4       0x24 CMakeFiles/beadsense_test.dir/C_/Users/info/.pico-sdk/sdk/2.2.0/src/rp2_common/pico_clib_interface/newlib_interface.c.obj
                0x10001eb4                _write
 .text._close   0x10001ed8        0x8 CMakeFiles/beadsense_test.dir/C_/Users/info/.pico-sdk/sdk/2.2.0/src/rp2_common/pico_clib_interface/newlib_interface.c.obj
                0x10001ed8                _close
 .text._lseek   0x10001ee0        0x8 CMakeFiles/beadsense_test.dir/C_/Users/info/.pico-sdk/sdk/2.2.0/src/rp2_common/pico_clib_interface/newlib_interface.c.obj
                0x10001ee0                _lseek
 .text._fstat   0x10001ee8        0x8 CMakeFiles/beadsense_test.dir/C_/Users/info/.pico-sdk/sdk/2.2.0/src/rp2_common/pico_clib_interface/newlib_interface.c.obj
                0x10001ee8                _fstat
 .text._isatty  0x10001ef0        0xc CMakeFiles/beadsense_test.dir/C_/Users/info/.pico-sdk/sdk/2.2.0/src/rp2_common/pico_clib_interface/newlib_interface.c.obj
                0x10001ef0                _isatty
 .text.exit     0x10001efc        0x8 CMakeFiles/beadsense_test.dir/C_/Users/info/.pico-sdk/sdk/2.2.0/src/rp2_common/pico_clib_interface/newlib_interface.c.obj
                0x10001efc                exit
 .text.runtime_init
                0x10001f04       0x2c CMakeFiles/beadsense_test.dir/C_/Users/info/.pico-sdk/sdk/2.2.0/src/rp2_common/pico_clib_interface/newlib_interface.c.obj
                0x10001f04                runtime_init
 .text.stdio_out_chars_no_crlf
                0x10001f30       0x10 CMakeFiles/beadsense_test.dir/C_/Users/info/.pico-sdk/sdk/2.2.0/src/rp2_common/pico_stdio/stdio.c.obj
 .text.stdio_out_chars_crlf
                0x10001f40       0x94 CMakeFiles/beadsense_test.dir/C_/Users/info/.pico-sdk/sdk/2.2.0/src/rp2_common/pico_stdio/stdio.c.obj
 .text.stdio_put_string
                0x10001fd4      0x100 CMakeFiles/beadsense_test.dir/C_/Users/info/.pico-sdk/sdk/2.2.0/src/rp2_common/pico_stdio/stdio.c.obj
                0x10001fd4                stdio_put_string
 .text.stdio_get_until
                0x100020d4       0x84 CMakeFiles/beadsense_test.dir/C_/Users/info/.pico-sdk/sdk/2.2.0/src/rp2_common/pico_stdio/stdio.c.obj
                0x100020d4                stdio_get_until
 .text.stdio_set_driver_enabled
                0x10002158       0x30 CMakeFiles/beadsense_test.dir/C_/Users/info/.pico-sdk/sdk/2.2.0/src/rp2_common/pico_stdio/stdio.c.obj
                0x10002158                stdio_set_driver_enabled
 .text.stdio_init_all
                0x10002188        0x8 CMakeFiles/beadsense_test.dir/C_/Users/info/.pico-sdk/sdk/2.2.0/src/rp2_common/pico_stdio/stdio.c.obj
                0x10002188                stdio_init_all
 .text.stdio_set_translate_crlf
                0x10002190       0x10 CMakeFiles/beadsense_test.dir/C_/Users/info/.pico-sdk/sdk/2.2.0/src/rp2_common/pico_stdio/stdio.c.obj
                0x10002190                stdio_set_translate_crlf
 .text.__wrap_putchar
                0x100021a0       0x98 CMakeFiles/beadsense_test.dir/C_/Users/info/.pico-sdk/sdk/2.2.0/src/rp2_common/pico_stdio/stdio.c.obj
                0x100021a0                __wrap_putchar
                0x100021a0                stdio_putchar
 .text.__wrap_puts
                0x10002238       0x3c CMakeFiles/beadsense_test.dir/C_/Users/info/.pico-sdk/sdk/2.2.0/src/rp2_common/pico_stdio/stdio.c.obj
                0x10002238                stdio_puts
                0x10002238                __wrap_puts
 .text.resetd_init
                0x10002274        0x4 CMakeFiles/beadsense_test.dir/C_/Users/info/.pico-sdk/sdk/2.2.0/src/rp2_common/pico_stdio_usb/reset_interface.c.obj
 .text.resetd_reset
                0x10002278        0xc CMakeFiles/beadsense_test.dir/C_/Users/info/.pico-sdk/sdk/2.2.0/src/rp2_common/pico_stdio_usb/reset_interface.c.obj
 .text.resetd_open
                0x10002284       0x28 CMakeFiles/beadsense_test.dir/C_/Users/info/.pico-sdk/sdk/2.2.0/src/rp2_common/pico_stdio_usb/reset_interface.c.obj
 .text.resetd_xfer_cb
                0x100022ac        0x4 CMakeFiles/beadsense_test.dir/C_/Users/info/.pico-sdk/sdk/2.2.0/src/rp2_common/pico_stdio_usb/reset_interface.c.obj
 .text.resetd_control_xfer_cb
                0x100022b0       0x5c CMakeFiles/beadsense_test.dir/C_/Users/info/.pico-sdk/sdk/2.2.0/src/rp2_common/pico_stdio_usb/reset_interface.c.obj
 .text.tud_descriptor_bos_cb
                0x1000230c        0x8 CMakeFiles/beadsense_test.dir/C_/Users/info/.pico-sdk/sdk/2.2.0/src/rp2_common/pico_stdio_usb/reset_interface.c.obj
                0x1000230c                tud_descriptor_bos_cb
 .text.tud_vendor_control_xfer_cb
                0x10002314       0x34 CMakeFiles/beadsense_test.dir/C_/Users/info/.pico-sdk/sdk/2.2.0/src/rp2_common/pico_stdio_usb/reset_interface.c.obj
                0x10002314                tud_vendor_control_xfer_cb
 .text.usbd_app_driver_get_cb
                0x10002348        0xc CMakeFiles/beadsense_test.dir/C_/Users/info/.pico-sdk/sdk/2.2.0/src/rp2_common/pico_stdio_usb/reset_interface.c.obj
                0x10002348                usbd_app_driver_get_cb
 .text.tud_cdc_line_coding_cb
                0x10002354       0x2c CMakeFiles/beadsense_test.dir/C_/Users/info/.pico-sdk/sdk/2.2.0/src/rp2_common/pico_stdio_usb/reset_interface.c.obj
                0x10002354                tud_cdc_line_coding_cb
 .text.stdio_usb_set_chars_available_callback
                0x10002380       0x14 CMakeFiles/beadsense_test.dir/C_/Users/info/.pico-sdk/sdk/2.2.0/src/rp2_common/pico_stdio_usb/stdio_usb.c.obj
                0x10002380                stdio_usb_set_chars_available_callback
 .text.usb_irq  0x10002394       0x10 CMakeFiles/beadsense_test.dir/C_/Users/info/.pico-sdk/sdk/2.2.0/src/rp2_common/pico_stdio_usb/stdio_usb.c.obj
 .text.timer_task
                0x100023a4       0x64 CMakeFiles/beadsense_test.dir/C_/Users/info/.pico-sdk/sdk/2.2.0/src/rp2_common/pico_stdio_usb/stdio_usb.c.obj
 .text.stdio_usb_in_chars
                0x10002408       0x90 CMakeFiles/beadsense_test.dir/C_/Users/info/.pico-sdk/sdk/2.2.0/src/rp2_common/pico_stdio_usb/stdio_usb.c.obj
                0x10002408                stdio_usb_in_chars
 .text.stdio_usb_out_flush
                0x10002498       0x50 CMakeFiles/beadsense_test.dir/C_/Users/info/.pico-sdk/sdk/2.2.0/src/rp2_common/pico_stdio_usb/stdio_usb.c.obj
 .text.stdio_usb_out_chars
                0x100024e8      0x104 CMakeFiles/beadsense_test.dir/C_/Users/info/.pico-sdk/sdk/2.2.0/src/rp2_common/pico_stdio_usb/stdio_usb.c.obj
 .text.low_priority_worker_irq
                0x100025ec       0xcc CMakeFiles/beadsense_test.dir/C_/Users/info/.pico-sdk/sdk/2.2.0/src/rp2_common/pico_stdio_usb/stdio_usb.c.obj
 .text.stdio_usb_init
                0x100026b8       0xec CMakeFiles/beadsense_test.dir/C_/Users/info/.pico-sdk/sdk/2.2.0/src/rp2_common/pico_stdio_usb/stdio_usb.c.obj
                0x100026b8                stdio_usb_init
 .text.tud_descriptor_device_cb
                0x100027a4        0x8 CMakeFiles/beadsense_test.dir/C_/Users/info/.pico-sdk/sdk/2.2.0/src/rp2_common/pico_stdio_usb/stdio_usb_descriptors.c.obj
                0x100027a4                tud_descriptor_device_cb
 .text.tud_descriptor_configuration_cb
                0x100027ac        0x8 CMakeFiles/beadsense_test.dir/C_/Users/info/.pico-sdk/sdk/2.2.0/src/rp2_common/pico_stdio_usb/stdio_usb_descriptors.c.obj
                0x100027ac                tud_descriptor_configuration_cb
 .text.tud_descriptor_string_cb
                0x100027b4       0x78 CMakeFiles/beadsense_test.dir/C_/Users/info/.pico-sdk/sdk/2.2.0/src/rp2_common/pico_stdio_usb/stdio_usb_descriptors.c.obj
                0x100027b4                tud_descriptor_string_cb
 .text.startup._retrieve_unique_id_on_boot
                0x1000282c       0x10 CMakeFiles/beadsense_test.dir/C_/Users/info/.pico-sdk/sdk/2.2.0/src/rp2_common/pico_unique_id/unique_id.c.obj
 .text.pico_get_unique_board_id_string
                0x1000283c      0x1a8 CMakeFiles/beadsense_test.dir/C_/Users/info/.pico-sdk/sdk/2.2.0/src/rp2_common/pico_unique_id/unique_id.c.obj
                0x1000283c                pico_get_unique_board_id_string
 .text.flash_get_unique_id
                0x100029e4       0x40 CMakeFiles/beadsense_test.dir/C_/Users/info/.pico-sdk/sdk/2.2.0/src/rp2_common/hardware_flash/flash.c.obj
                0x100029e4                flash_get_unique_id
 .text.dcd_init
                0x10002a24       0x90 CMakeFiles/beadsense_test.dir/C_/Users/info/.pico-sdk/sdk/2.2.0/lib/tinyusb/src/portable/raspberrypi/rp2040/dcd_rp2040.c.obj
                0x10002a24                dcd_init
 .text.dcd_int_enable
                0x10002ab4        0xc CMakeFiles/beadsense_test.dir/C_/Users/info/.pico-sdk/sdk/2.2.0/lib/tinyusb/src/portable/raspberrypi/rp2040/dcd_rp2040.c.obj
                0x10002ab4                dcd_int_enable
 .text.dcd_set_address
                0x10002ac0       0x14 CMakeFiles/beadsense_test.dir/C_/Users/info/.pico-sdk/sdk/2.2.0/lib/tinyusb/src/portable/raspberrypi/rp2040/dcd_rp2040.c.obj
                0x10002ac0                dcd_set_address
 .text.dcd_sof_enable
                0x10002ad4       0x1c CMakeFiles/beadsense_test.dir/C_/Users/info/.pico-sdk/sdk/2.2.0/lib/tinyusb/src/portable/raspberrypi/rp2040/dcd_rp2040.c.obj
                0x10002ad4                dcd_sof_enable
 .text.dcd_edpt0_status_complete
                0x10002af0       0x1c CMakeFiles/beadsense_test.dir/C_/Users/info/.pico-sdk/sdk/2.2.0/lib/tinyusb/src/portable/raspberrypi/rp2040/dcd_rp2040.c.obj
                0x10002af0                dcd_edpt0_status_complete
 .text.dcd_edpt_open
                0x10002b0c      0x114 CMakeFiles/beadsense_test.dir/C_/Users/info/.pico-sdk/sdk/2.2.0/lib/tinyusb/src/portable/raspberrypi/rp2040/dcd_rp2040.c.obj
                0x10002b0c                dcd_edpt_open
 .text.dcd_edpt_close_all
                0x10002c20        0x8 CMakeFiles/beadsense_test.dir/C_/Users/info/.pico-sdk/sdk/2.2.0/lib/tinyusb/src/portable/raspberrypi/rp2040/dcd_rp2040.c.obj
                0x10002c20                dcd_edpt_close_all
 .text.dcd_edpt_xfer
                0x10002c28       0x24 CMakeFiles/beadsense_test.dir/C_/Users/info/.pico-sdk/sdk/2.2.0/lib/tinyusb/src/portable/raspberrypi/rp2040/dcd_rp2040.c.obj
                0x10002c28                dcd_edpt_xfer
 .text.dcd_edpt_stall
                0x10002c4c       0x34 CMakeFiles/beadsense_test.dir/C_/Users/info/.pico-sdk/sdk/2.2.0/lib/tinyusb/src/portable/raspberrypi/rp2040/dcd_rp2040.c.obj
                0x10002c4c                dcd_edpt_stall
 .text.dcd_edpt_clear_stall
                0x10002c80       0x30 CMakeFiles/beadsense_test.dir/C_/Users/info/.pico-sdk/sdk/2.2.0/lib/tinyusb/src/portable/raspberrypi/rp2040/dcd_rp2040.c.obj
                0x10002c80                dcd_edpt_clear_stall
 .text.rp2040_usb_init
                0x10002cb0       0x40 CMakeFiles/beadsense_test.dir/C_/Users/info/.pico-sdk/sdk/2.2.0/lib/tinyusb/src/portable/raspberrypi/rp2040/rp2040_usb.c.obj
                0x10002cb0                rp2040_usb_init
 .text.hw_endpoint_xfer_start
                0x10002cf0       0x40 CMakeFiles/beadsense_test.dir/C_/Users/info/.pico-sdk/sdk/2.2.0/lib/tinyusb/src/portable/raspberrypi/rp2040/rp2040_usb.c.obj
                0x10002cf0                hw_endpoint_xfer_start
 .text.tud_event_hook_cb
                0x10002d30        0x4 CMakeFiles/beadsense_test.dir/C_/Users/info/.pico-sdk/sdk/2.2.0/lib/tinyusb/src/device/usbd.c.obj
                0x10002d30                tud_event_hook_cb
 .text.tud_sof_cb
                0x10002d34        0x4 CMakeFiles/beadsense_test.dir/C_/Users/info/.pico-sdk/sdk/2.2.0/lib/tinyusb/src/device/usbd.c.obj
                0x10002d34                tud_sof_cb
 .text.tud_descriptor_device_qualifier_cb
                0x10002d38        0x4 CMakeFiles/beadsense_test.dir/C_/Users/info/.pico-sdk/sdk/2.2.0/lib/tinyusb/src/device/usbd.c.obj
                0x10002d38                tud_descriptor_device_qualifier_cb
 .text.tud_descriptor_other_speed_configuration_cb
                0x10002d3c        0x4 CMakeFiles/beadsense_test.dir/C_/Users/info/.pico-sdk/sdk/2.2.0/lib/tinyusb/src/device/usbd.c.obj
                0x10002d3c                tud_descriptor_other_speed_configuration_cb
 .text.tud_mount_cb
                0x10002d40        0x4 CMakeFiles/beadsense_test.dir/C_/Users/info/.pico-sdk/sdk/2.2.0/lib/tinyusb/src/device/usbd.c.obj
                0x10002d40                tud_mount_cb
 .text.tud_umount_cb
                0x10002d44        0x4 CMakeFiles/beadsense_test.dir/C_/Users/info/.pico-sdk/sdk/2.2.0/lib/tinyusb/src/device/usbd.c.obj
                0x10002d44                tud_umount_cb
 .text.tud_suspend_cb
                0x10002d48        0x4 CMakeFiles/beadsense_test.dir/C_/Users/info/.pico-sdk/sdk/2.2.0/lib/tinyusb/src/device/usbd.c.obj
                0x10002d48                tud_suspend_cb
 .text.tud_resume_cb
                0x10002d4c        0x4 CMakeFiles/beadsense_test.dir/C_/Users/info/.pico-sdk/sdk/2.2.0/lib/tinyusb/src/device/usbd.c.obj
                0x10002d4c                tud_resume_cb
 .text.tud_mounted
                0x10002d50       0x10 CMakeFiles/beadsense_test.dir/C_/Users/info/.pico-sdk/sdk/2.2.0/lib/tinyusb/src/device/usbd.c.obj
                0x10002d50                tud_mounted
 .text.tud_suspended
                0x10002d60       0x10 CMakeFiles/beadsense_test.dir/C_/Users/info/.pico-sdk/sdk/2.2.0/lib/tinyusb/src/device/usbd.c.obj
                0x10002d60                tud_suspended
 .text.tud_rhport_init
                0x10002d70       0xfc CMakeFiles/beadsense_test.dir/C_/Users/info/.pico-sdk/sdk/2.2.0/lib/tinyusb/src/device/usbd.c.obj
                0x10002d70                tud_rhport_init
 .text.tud_task_ext
                0x10002e6c      0x808 CMakeFiles/beadsense_test.dir/C_/Users/info/.pico-sdk/sdk/2.2.0/lib/tinyusb/src/device/usbd.c.obj
                0x10002e6c                tud_task_ext
 .text.usbd_open_edpt_pair
                0x10003674       0x9c CMakeFiles/beadsense_test.dir/C_/Users/info/.pico-sdk/sdk/2.2.0/lib/tinyusb/src/device/usbd.c.obj
                0x10003674                usbd_open_edpt_pair
 .text.usbd_edpt_open
                0x10003710       0x34 CMakeFiles/beadsense_test.dir/C_/Users/info/.pico-sdk/sdk/2.2.0/lib/tinyusb/src/device/usbd.c.obj
                0x10003710                usbd_edpt_open
 .text.usbd_edpt_claim
                0x10003744       0x28 CMakeFiles/beadsense_test.dir/C_/Users/info/.pico-sdk/sdk/2.2.0/lib/tinyusb/src/device/usbd.c.obj
                0x10003744                usbd_edpt_claim
 .text.usbd_edpt_release
                0x1000376c       0x28 CMakeFiles/beadsense_test.dir/C_/Users/info/.pico-sdk/sdk/2.2.0/lib/tinyusb/src/device/usbd.c.obj
                0x1000376c                usbd_edpt_release
 .text.usbd_edpt_xfer
                0x10003794       0x4c CMakeFiles/beadsense_test.dir/C_/Users/info/.pico-sdk/sdk/2.2.0/lib/tinyusb/src/device/usbd.c.obj
                0x10003794                usbd_edpt_xfer
 .text.tud_control_status
                0x100037e0       0x2c CMakeFiles/beadsense_test.dir/C_/Users/info/.pico-sdk/sdk/2.2.0/lib/tinyusb/src/device/usbd_control.c.obj
                0x100037e0                tud_control_status
 .text.tud_control_xfer
                0x1000380c       0xac CMakeFiles/beadsense_test.dir/C_/Users/info/.pico-sdk/sdk/2.2.0/lib/tinyusb/src/device/usbd_control.c.obj
                0x1000380c                tud_control_xfer
 .text.usbd_control_reset
                0x100038b8       0x14 CMakeFiles/beadsense_test.dir/C_/Users/info/.pico-sdk/sdk/2.2.0/lib/tinyusb/src/device/usbd_control.c.obj
                0x100038b8                usbd_control_reset
 .text.usbd_control_set_complete_callback
                0x100038cc        0xc CMakeFiles/beadsense_test.dir/C_/Users/info/.pico-sdk/sdk/2.2.0/lib/tinyusb/src/device/usbd_control.c.obj
                0x100038cc                usbd_control_set_complete_callback
 .text.usbd_control_set_request
                0x100038d8       0x1c CMakeFiles/beadsense_test.dir/C_/Users/info/.pico-sdk/sdk/2.2.0/lib/tinyusb/src/device/usbd_control.c.obj
                0x100038d8                usbd_control_set_request
 .text.usbd_control_xfer_cb
                0x100038f4       0xec CMakeFiles/beadsense_test.dir/C_/Users/info/.pico-sdk/sdk/2.2.0/lib/tinyusb/src/device/usbd_control.c.obj
                0x100038f4                usbd_control_xfer_cb
 .text._prep_out_transaction.isra.0
                0x100039e0       0x6c CMakeFiles/beadsense_test.dir/C_/Users/info/.pico-sdk/sdk/2.2.0/lib/tinyusb/src/class/cdc/cdc_device.c.obj
 .text.tud_cdc_n_connected
                0x10003a4c       0x2c CMakeFiles/beadsense_test.dir/C_/Users/info/.pico-sdk/sdk/2.2.0/lib/tinyusb/src/class/cdc/cdc_device.c.obj
                0x10003a4c                tud_cdc_n_connected
 .text.tud_cdc_n_available
                0x10003a78       0x14 CMakeFiles/beadsense_test.dir/C_/Users/info/.pico-sdk/sdk/2.2.0/lib/tinyusb/src/class/cdc/cdc_device.c.obj
                0x10003a78                tud_cdc_n_available
 .text.tud_cdc_n_read
                0x10003a8c       0x94 CMakeFiles/beadsense_test.dir/C_/Users/info/.pico-sdk/sdk/2.2.0/lib/tinyusb/src/class/cdc/cdc_device.c.obj
                0x10003a8c                tud_cdc_n_read
 .text.tud_cdc_n_write_flush
                0x10003b20       0x74 CMakeFiles/beadsense_test.dir/C_/Users/info/.pico-sdk/sdk/2.2.0/lib/tinyusb/src/class/cdc/cdc_device.c.obj
                0x10003b20                tud_cdc_n_write_flush
 .text.tud_cdc_n_write
                0x10003b94       0x40 CMakeFiles/beadsense_test.dir/C_/Users/info/.pico-sdk/sdk/2.2.0/lib/tinyusb/src/class/cdc/cdc_device.c.obj
                0x10003b94                tud_cdc_n_write
 .text.tud_cdc_n_write_available
                0x10003bd4       0x14 CMakeFiles/beadsense_test.dir/C_/Users/info/.pico-sdk/sdk/2.2.0/lib/tinyusb/src/class/cdc/cdc_device.c.obj
                0x10003bd4                tud_cdc_n_write_available
 .text.cdcd_init
                0x10003be8       0x70 CMakeFiles/beadsense_test.dir/C_/Users/info/.pico-sdk/sdk/2.2.0/lib/tinyusb/src/class/cdc/cdc_device.c.obj
                0x10003be8                cdcd_init
 .text.cdcd_deinit
                0x10003c58       0x30 CMakeFiles/beadsense_test.dir/C_/Users/info/.pico-sdk/sdk/2.2.0/lib/tinyusb/src/class/cdc/cdc_device.c.obj
                0x10003c58                cdcd_deinit
 .text.cdcd_reset
                0x10003c88       0x4c CMakeFiles/beadsense_test.dir/C_/Users/info/.pico-sdk/sdk/2.2.0/lib/tinyusb/src/class/cdc/cdc_device.c.obj
                0x10003c88                cdcd_reset
 .text.cdcd_open
                0x10003cd4       0xa8 CMakeFiles/beadsense_test.dir/C_/Users/info/.pico-sdk/sdk/2.2.0/lib/tinyusb/src/class/cdc/cdc_device.c.obj
                0x10003cd4                cdcd_open
 .text.cdcd_control_xfer_cb
                0x10003d7c       0xe8 CMakeFiles/beadsense_test.dir/C_/Users/info/.pico-sdk/sdk/2.2.0/lib/tinyusb/src/class/cdc/cdc_device.c.obj
                0x10003d7c                cdcd_control_xfer_cb
 .text.cdcd_xfer_cb
                0x10003e64      0x100 CMakeFiles/beadsense_test.dir/C_/Users/info/.pico-sdk/sdk/2.2.0/lib/tinyusb/src/class/cdc/cdc_device.c.obj
                0x10003e64                cdcd_xfer_cb
 .text.vendord_init
                0x10003f64       0x5c CMakeFiles/beadsense_test.dir/C_/Users/info/.pico-sdk/sdk/2.2.0/lib/tinyusb/src/class/vendor/vendor_device.c.obj
                0x10003f64                vendord_init
 .text.vendord_deinit
                0x10003fc0       0x1c CMakeFiles/beadsense_test.dir/C_/Users/info/.pico-sdk/sdk/2.2.0/lib/tinyusb/src/class/vendor/vendor_device.c.obj
                0x10003fc0                vendord_deinit
 .text.vendord_reset
                0x10003fdc       0x28 CMakeFiles/beadsense_test.dir/C_/Users/info/.pico-sdk/sdk/2.2.0/lib/tinyusb/src/class/vendor/vendor_device.c.obj
                0x10003fdc                vendord_reset
 .text.vendord_open
                0x10004004      0x128 CMakeFiles/beadsense_test.dir/C_/Users/info/.pico-sdk/sdk/2.2.0/lib/tinyusb/src/class/vendor/vendor_device.c.obj
                0x10004004                vendord_open
 .text.vendord_xfer_cb
                0x1000412c       0x9c CMakeFiles/beadsense_test.dir/C_/Users/info/.pico-sdk/sdk/2.2.0/lib/tinyusb/src/class/vendor/vendor_device.c.obj
                0x1000412c                vendord_xfer_cb
 .text.tusb_rhport_init
                0x100041c8       0x48 CMakeFiles/beadsense_test.dir/C_/Users/info/.pico-sdk/sdk/2.2.0/lib/tinyusb/src/tusb.c.obj
                0x100041c8                tusb_rhport_init
 .text.tu_edpt_claim
                0x10004210       0x50 CMakeFiles/beadsense_test.dir/C_/Users/info/.pico-sdk/sdk/2.2.0/lib/tinyusb/src/tusb.c.obj
                0x10004210                tu_edpt_claim
 .text.tu_edpt_release
                0x10004260       0x38 CMakeFiles/beadsense_test.dir/C_/Users/info/.pico-sdk/sdk/2.2.0/lib/tinyusb/src/tusb.c.obj
                0x10004260                tu_edpt_release
 .text.tu_edpt_validate
                0x10004298       0x7c CMakeFiles/beadsense_test.dir/C_/Users/info/.pico-sdk/sdk/2.2.0/lib/tinyusb/src/tusb.c.obj
                0x10004298                tu_edpt_validate
 .text.tu_edpt_bind_driver
                0x10004314       0x34 CMakeFiles/beadsense_test.dir/C_/Users/info/.pico-sdk/sdk/2.2.0/lib/tinyusb/src/tusb.c.obj
                0x10004314                tu_edpt_bind_driver
 .text.tu_edpt_stream_init
                0x10004348       0x6c CMakeFiles/beadsense_test.dir/C_/Users/info/.pico-sdk/sdk/2.2.0/lib/tinyusb/src/tusb.c.obj
                0x10004348                tu_edpt_stream_init
 .text.tu_edpt_stream_deinit
                0x100043b4        0x4 CMakeFiles/beadsense_test.dir/C_/Users/info/.pico-sdk/sdk/2.2.0/lib/tinyusb/src/tusb.c.obj
                0x100043b4                tu_edpt_stream_deinit
 .text.tu_edpt_stream_write_zlp_if_needed
                0x100043b8       0x68 CMakeFiles/beadsense_test.dir/C_/Users/info/.pico-sdk/sdk/2.2.0/lib/tinyusb/src/tusb.c.obj
                0x100043b8                tu_edpt_stream_write_zlp_if_needed
 .text.tu_edpt_stream_write_xfer
                0x10004420       0x64 CMakeFiles/beadsense_test.dir/C_/Users/info/.pico-sdk/sdk/2.2.0/lib/tinyusb/src/tusb.c.obj
                0x10004420                tu_edpt_stream_write_xfer
 .text.tu_edpt_stream_read_xfer
                0x10004484       0xdc CMakeFiles/beadsense_test.dir/C_/Users/info/.pico-sdk/sdk/2.2.0/lib/tinyusb/src/tusb.c.obj
                0x10004484                tu_edpt_stream_read_xfer
 .text.tu_fifo_config
                0x10004560       0x6c CMakeFiles/beadsense_test.dir/C_/Users/info/.pico-sdk/sdk/2.2.0/lib/tinyusb/src/common/tusb_fifo.c.obj
                0x10004560                tu_fifo_config
 .text.tu_fifo_count
                0x100045cc       0x2c CMakeFiles/beadsense_test.dir/C_/Users/info/.pico-sdk/sdk/2.2.0/lib/tinyusb/src/common/tusb_fifo.c.obj
                0x100045cc                tu_fifo_count
 .text.tu_fifo_empty
                0x100045f8       0x10 CMakeFiles/beadsense_test.dir/C_/Users/info/.pico-sdk/sdk/2.2.0/lib/tinyusb/src/common/tusb_fifo.c.obj
                0x100045f8                tu_fifo_empty
 .text.tu_fifo_remaining
                0x10004608       0x2c CMakeFiles/beadsense_test.dir/C_/Users/info/.pico-sdk/sdk/2.2.0/lib/tinyusb/src/common/tusb_fifo.c.obj
                0x10004608                tu_fifo_remaining
 .text.tu_fifo_read
                0x10004634       0x9c CMakeFiles/beadsense_test.dir/C_/Users/info/.pico-sdk/sdk/2.2.0/lib/tinyusb/src/common/tusb_fifo.c.obj
                0x10004634                tu_fifo_read
 .text.tu_fifo_read_n
                0x100046d0       0xe8 CMakeFiles/beadsense_test.dir/C_/Users/info/.pico-sdk/sdk/2.2.0/lib/tinyusb/src/common/tusb_fifo.c.obj
                0x100046d0                tu_fifo_read_n
 .text.tu_fifo_write
                0x100047b8       0x88 CMakeFiles/beadsense_test.dir/C_/Users/info/.pico-sdk/sdk/2.2.0/lib/tinyusb/src/common/tusb_fifo.c.obj
                0x100047b8                tu_fifo_write
 .text.tu_fifo_write_n
                0x10004840      0x178 CMakeFiles/beadsense_test.dir/C_/Users/info/.pico-sdk/sdk/2.2.0/lib/tinyusb/src/common/tusb_fifo.c.obj
                0x10004840                tu_fifo_write_n
 .text.tu_fifo_clear
                0x100049b8       0x40 CMakeFiles/beadsense_test.dir/C_/Users/info/.pico-sdk/sdk/2.2.0/lib/tinyusb/src/common/tusb_fifo.c.obj
                0x100049b8                tu_fifo_clear
 .text.tu_fifo_set_overwritable
                0x100049f8       0x48 CMakeFiles/beadsense_test.dir/C_/Users/info/.pico-sdk/sdk/2.2.0/lib/tinyusb/src/common/tusb_fifo.c.obj
                0x100049f8                tu_fifo_set_overwritable
 .text.adc_init
                0x10004a40       0x38 CMakeFiles/beadsense_test.dir/C_/Users/info/.pico-sdk/sdk/2.2.0/src/rp2_common/hardware_adc/adc.c.obj
                0x10004a40                adc_init
 .text._malloc_r
                0x10004a78      0x5c4 c:/progra~2/armgnu~1/12977f~1.2mp/bin/../lib/gcc/arm-none-eabi/12.2.1/thumb/v6-m/nofp\libg.a(libc_a-mallocr.o)
                0x10004a78                _malloc_r
 .text.__malloc_lock
                0x1000503c       0x10 c:/progra~2/armgnu~1/12977f~1.2mp/bin/../lib/gcc/arm-none-eabi/12.2.1/thumb/v6-m/nofp\libg.a(libc_a-mlock.o)
                0x1000503c                __malloc_lock
 .text.__malloc_unlock
                0x1000504c       0x10 c:/progra~2/armgnu~1/12977f~1.2mp/bin/../lib/gcc/arm-none-eabi/12.2.1/thumb/v6-m/nofp\libg.a(libc_a-mlock.o)
                0x1000504c                __malloc_unlock
 .text._realloc_r
                0x1000505c      0x350 c:/progra~2/armgnu~1/12977f~1.2mp/bin/../lib/gcc/arm-none-eabi/12.2.1/thumb/v6-m/nofp\libg.a(libc_a-reallocr.o)
                0x1000505c                _realloc_r
 .text.__sflush_r
                0x100053ac      0x148 c:/progra~2/armgnu~1/12977f~1.2mp/bin/../lib/gcc/arm-none-eabi/12.2.1/thumb/v6-m/nofp\libg.a(libc_a-fflush.o)
                0x100053ac                __sflush_r
 .text._fflush_r
                0x100054f4       0x68 c:/progra~2/armgnu~1/12977f~1.2mp/bin/../lib/gcc/arm-none-eabi/12.2.1/thumb/v6-m/nofp\libg.a(libc_a-fflush.o)
                0x100054f4                _fflush_r
 .text.fflush   0x1000555c       0x7c c:/progra~2/armgnu~1/12977f~1.2mp/bin/../lib/gcc/arm-none-eabi/12.2.1/thumb/v6-m/nofp\libg.a(libc_a-fflush.o)
                0x1000555c                fflush
 .text.stdio_exit_handler
                0x100055d8       0x1c c:/progra~2/armgnu~1/12977f~1.2mp/bin/../lib/gcc/arm-none-eabi/12.2.1/thumb/v6-m/nofp\libg.a(libc_a-findfp.o)
 .text.cleanup_stdio
                0x100055f4       0x3c c:/progra~2/armgnu~1/12977f~1.2mp/bin/../lib/gcc/arm-none-eabi/12.2.1/thumb/v6-m/nofp\libg.a(libc_a-findfp.o)
 .text.global_stdio_init.part.0
                0x10005630      0x118 c:/progra~2/armgnu~1/12977f~1.2mp/bin/../lib/gcc/arm-none-eabi/12.2.1/thumb/v6-m/nofp\libg.a(libc_a-findfp.o)
 .text.__sinit  0x10005748       0x38 c:/progra~2/armgnu~1/12977f~1.2mp/bin/../lib/gcc/arm-none-eabi/12.2.1/thumb/v6-m/nofp\libg.a(libc_a-findfp.o)
                0x10005748                __sinit
 .text.__sfp_lock_acquire
                0x10005780       0x10 c:/progra~2/armgnu~1/12977f~1.2mp/bin/../lib/gcc/arm-none-eabi/12.2.1/thumb/v6-m/nofp\libg.a(libc_a-findfp.o)
                0x10005780                __sfp_lock_acquire
 .text.__sfp_lock_release
                0x10005790       0x10 c:/progra~2/armgnu~1/12977f~1.2mp/bin/../lib/gcc/arm-none-eabi/12.2.1/thumb/v6-m/nofp\libg.a(libc_a-findfp.o)
                0x10005790                __sfp_lock_release
 .text._fwalk_sglue
                0x100057a0       0x44 c:/progra~2/armgnu~1/12977f~1.2mp/bin/../lib/gcc/arm-none-eabi/12.2.1/thumb/v6-m/nofp\libg.a(libc_a-fwalk.o)
                0x100057a0                _fwalk_sglue
 .text._fwrite_r
                0x100057e4       0xb0 c:/progra~2/armgnu~1/12977f~1.2mp/bin/../lib/gcc/arm-none-eabi/12.2.1/thumb/v6-m/nofp\libg.a(libc_a-fwrite.o)
                0x100057e4                _fwrite_r
 .text.fwrite   0x10005894       0x20 c:/progra~2/armgnu~1/12977f~1.2mp/bin/../lib/gcc/arm-none-eabi/12.2.1/thumb/v6-m/nofp\libg.a(libc_a-fwrite.o)
                0x10005894                fwrite
 .text.__sread  0x100058b4       0x28 c:/progra~2/armgnu~1/12977f~1.2mp/bin/../lib/gcc/arm-none-eabi/12.2.1/thumb/v6-m/nofp\libg.a(libc_a-stdio.o)
                0x100058b4                __sread
 .text.__swrite
                0x100058dc       0x40 c:/progra~2/armgnu~1/12977f~1.2mp/bin/../lib/gcc/arm-none-eabi/12.2.1/thumb/v6-m/nofp\libg.a(libc_a-stdio.o)
                0x100058dc                __swrite
 .text.__sseek  0x1000591c       0x30 c:/progra~2/armgnu~1/12977f~1.2mp/bin/../lib/gcc/arm-none-eabi/12.2.1/thumb/v6-m/nofp\libg.a(libc_a-stdio.o)
                0x1000591c                __sseek
 .text.__sclose
                0x1000594c        0xc c:/progra~2/armgnu~1/12977f~1.2mp/bin/../lib/gcc/arm-none-eabi/12.2.1/thumb/v6-m/nofp\libg.a(libc_a-stdio.o)
                0x1000594c                __sclose
 .text.memmove  0x10005958       0xb0 c:/progra~2/armgnu~1/12977f~1.2mp/bin/../lib/gcc/arm-none-eabi/12.2.1/thumb/v6-m/nofp\libg.a(libc_a-memmove.o)
                0x10005958                memmove
 .text._close_r
                0x10005a08       0x24 c:/progra~2/armgnu~1/12977f~1.2mp/bin/../lib/gcc/arm-none-eabi/12.2.1/thumb/v6-m/nofp\libg.a(libc_a-closer.o)
                0x10005a08                _close_r
 .text._lseek_r
                0x10005a2c       0x28 c:/progra~2/armgnu~1/12977f~1.2mp/bin/../lib/gcc/arm-none-eabi/12.2.1/thumb/v6-m/nofp\libg.a(libc_a-lseekr.o)
                0x10005a2c                _lseek_r
 .text._read_r  0x10005a54       0x28 c:/progra~2/armgnu~1/12977f~1.2mp/bin/../lib/gcc/arm-none-eabi/12.2.1/thumb/v6-m/nofp\libg.a(libc_a-readr.o)
                0x10005a54                _read_r
 .text._sbrk_r  0x10005a7c       0x24 c:/progra~2/armgnu~1/12977f~1.2mp/bin/../lib/gcc/arm-none-eabi/12.2.1/thumb/v6-m/nofp\libg.a(libc_a-sbrkr.o)
                0x10005a7c                _sbrk_r
 .text._write_r
                0x10005aa0       0x28 c:/progra~2/armgnu~1/12977f~1.2mp/bin/../lib/gcc/arm-none-eabi/12.2.1/thumb/v6-m/nofp\libg.a(libc_a-writer.o)
                0x10005aa0                _write_r
 .text.__errno  0x10005ac8        0xc c:/progra~2/armgnu~1/12977f~1.2mp/bin/../lib/gcc/arm-none-eabi/12.2.1/thumb/v6-m/nofp\libg.a(libc_a-errno.o)
                0x10005ac8                __errno
 .text.__retarget_lock_init_recursive
                0x10005ad4        0x4 c:/progra~2/armgnu~1/12977f~1.2mp/bin/../lib/gcc/arm-none-eabi/12.2.1/thumb/v6-m/nofp\libg.a(libc_a-lock.o)
                0x10005ad4                __retarget_lock_init_recursive
 .text.__retarget_lock_close_recursive
                0x10005ad8        0x4 c:/progra~2/armgnu~1/12977f~1.2mp/bin/../lib/gcc/arm-none-eabi/12.2.1/thumb/v6-m/nofp\libg.a(libc_a-lock.o)
                0x10005ad8                __retarget_lock_close_recursive
 .text.__retarget_lock_acquire_recursive
                0x10005adc        0x4 c:/progra~2/armgnu~1/12977f~1.2mp/bin/../lib/gcc/arm-none-eabi/12.2.1/thumb/v6-m/nofp\libg.a(libc_a-lock.o)
                0x10005adc                __retarget_lock_acquire_recursive
 .text.__retarget_lock_release_recursive
                0x10005ae0        0x4 c:/progra~2/armgnu~1/12977f~1.2mp/bin/../lib/gcc/arm-none-eabi/12.2.1/thumb/v6-m/nofp\libg.a(libc_a-lock.o)
                0x10005ae0                __retarget_lock_release_recursive
 .text.sysconf  0x10005ae4       0x1c c:/progra~2/armgnu~1/12977f~1.2mp/bin/../lib/gcc/arm-none-eabi/12.2.1/thumb/v6-m/nofp\libg.a(libc_a-sysconf.o)
                0x10005ae4                sysconf
 .text.strlen   0x10005b00       0x5c c:/progra~2/armgnu~1/12977f~1.2mp/bin/../lib/gcc/arm-none-eabi/12.2.1/thumb/v6-m/nofp\libg.a(libc_a-strlen-stub.o)
                0x10005b00                strlen
 .text._malloc_trim_r
                0x10005b5c       0xb4 c:/progra~2/armgnu~1/12977f~1.2mp/bin/../lib/gcc/arm-none-eabi/12.2.1/thumb/v6-m/nofp\libg.a(libc_a-freer.o)
                0x10005b5c                _malloc_trim_r
 .text._free_r  0x10005c10      0x1d4 c:/progra~2/armgnu~1/12977f~1.2mp/bin/../lib/gcc/arm-none-eabi/12.2.1/thumb/v6-m/nofp\libg.a(libc_a-freer.o)
                0x10005c10                _free_r
 .text._fclose_r
                0x10005de4       0xd0 c:/progra~2/armgnu~1/12977f~1.2mp/bin/../lib/gcc/arm-none-eabi/12.2.1/thumb/v6-m/nofp\libg.a(libc_a-fclose.o)
                0x10005de4                _fclose_r
 .text.__sfvwrite_r
                0x10005eb4      0x310 c:/progra~2/armgnu~1/12977f~1.2mp/bin/../lib/gcc/arm-none-eabi/12.2.1/thumb/v6-m/nofp\libg.a(libc_a-fvwrite.o)
                0x10005eb4                __sfvwrite_r
 .text.__swsetup_r
                0x100061c4       0xc8 c:/progra~2/armgnu~1/12977f~1.2mp/bin/../lib/gcc/arm-none-eabi/12.2.1/thumb/v6-m/nofp\libg.a(libc_a-wsetup.o)
                0x100061c4                __swsetup_r
 .text.memchr   0x1000628c       0x74 c:/progra~2/armgnu~1/12977f~1.2mp/bin/../lib/gcc/arm-none-eabi/12.2.1/thumb/v6-m/nofp\libg.a(libc_a-memchr-stub.o)
                0x1000628c                memchr
 .text.__smakebuf_r
                0x10006300       0xe0 c:/progra~2/armgnu~1/12977f~1.2mp/bin/../lib/gcc/arm-none-eabi/12.2.1/thumb/v6-m/nofp\libg.a(libc_a-makebuf.o)
                0x10006300                __smakebuf_r
 .text._fstat_r
                0x100063e0       0x28 c:/progra~2/armgnu~1/12977f~1.2mp/bin/../lib/gcc/arm-none-eabi/12.2.1/thumb/v6-m/nofp\libg.a(libc_a-fstatr.o)
                0x100063e0                _fstat_r
 .text._isatty_r
                0x10006408       0x24 c:/progra~2/armgnu~1/12977f~1.2mp/bin/../lib/gcc/arm-none-eabi/12.2.1/thumb/v6-m/nofp\libg.a(libc_a-isattyr.o)
                0x10006408                _isatty_r
 *(.fini)
 .fini          0x1000642c        0x4 c:/progra~2/armgnu~1/12977f~1.2mp/bin/../lib/gcc/arm-none-eabi/12.2.1/thumb/v6-m/nofp/crti.o
                0x1000642c                _fini
 .fini.__stub   0x10006430       0xb0 linker stubs
 *crtbegin.o(.ctors)
 *crtbegin?.o(.ctors)
 *(EXCLUDE_FILE(*crtend.o *crtend?.o) .ctors)
 *(SORT_BY_NAME(.ctors.*))
 *(.ctors)
 *crtbegin.o(.dtors)
 *crtbegin?.o(.dtors)
 *(EXCLUDE_FILE(*crtend.o *crtend?.o) .dtors)
 *(SORT_BY_NAME(.dtors.*))
 *(.dtors)
                0x100064e0                        . = ALIGN (0x4)
                0x100064e0                        PROVIDE (__preinit_array_start = .)
 *(SORT_BY_NAME(.preinit_array.*))
 .preinit_array.00100
                0x100064e0        0x4 CMakeFiles/beadsense_test.dir/C_/Users/info/.pico-sdk/sdk/2.2.0/src/rp2_common/pico_runtime_init/runtime_init.c.obj
                0x100064e0                __pre_init_runtime_init_early_resets
 .preinit_array.00101
                0x100064e4        0x4 CMakeFiles/beadsense_test.dir/C_/Users/info/.pico-sdk/sdk/2.2.0/src/rp2_common/pico_runtime_init/runtime_init.c.obj
                0x100064e4                __pre_init_runtime_init_usb_power_down
 .preinit_array.00275
                0x100064e8        0x4 CMakeFiles/beadsense_test.dir/C_/Users/info/.pico-sdk/sdk/2.2.0/src/rp2_common/pico_bit_ops/bit_ops_aeabi.S.obj
 .preinit_array.00300
                0x100064ec        0x4 CMakeFiles/beadsense_test.dir/C_/Users/info/.pico-sdk/sdk/2.2.0/src/rp2_common/pico_mem_ops/mem_ops_aeabi.S.obj
 .preinit_array.00350
                0x100064f0        0x4 CMakeFiles/beadsense_test.dir/C_/Users/info/.pico-sdk/sdk/2.2.0/src/rp2_common/pico_double/double_aeabi_rp2040.S.obj
 .preinit_array.00350
                0x100064f4        0x4 CMakeFiles/beadsense_test.dir/C_/Users/info/.pico-sdk/sdk/2.2.0/src/rp2_common/pico_float/float_aeabi_rp2040.S.obj
 .preinit_array.00500
                0x100064f8        0x4 CMakeFiles/beadsense_test.dir/C_/Users/info/.pico-sdk/sdk/2.2.0/src/rp2_common/pico_runtime_init/runtime_init.c.obj
                0x100064f8                __pre_init_runtime_init_clocks
 .preinit_array.00600
                0x100064fc        0x4 CMakeFiles/beadsense_test.dir/C_/Users/info/.pico-sdk/sdk/2.2.0/src/rp2_common/pico_runtime_init/runtime_init.c.obj
                0x100064fc                __pre_init_runtime_init_post_clock_resets
 .preinit_array.00700
                0x10006500        0x4 CMakeFiles/beadsense_test.dir/C_/Users/info/.pico-sdk/sdk/2.2.0/src/rp2_common/pico_runtime_init/runtime_init.c.obj
                0x10006500                __pre_init_runtime_init_rp2040_gpio_ie_disable
 .preinit_array.01000
                0x10006504        0x4 CMakeFiles/beadsense_test.dir/C_/Users/info/.pico-sdk/sdk/2.2.0/src/rp2_common/pico_runtime_init/runtime_init.c.obj
                0x10006504                __pre_init_runtime_init_spin_locks_reset
 .preinit_array.01100
                0x10006508        0x4 CMakeFiles/beadsense_test.dir/C_/Users/info/.pico-sdk/sdk/2.2.0/src/common/pico_sync/mutex.c.obj
                0x10006508                __pre_init_runtime_init_mutex
 .preinit_array.10080
                0x1000650c        0x4 CMakeFiles/beadsense_test.dir/C_/Users/info/.pico-sdk/sdk/2.2.0/src/rp2_common/pico_runtime_init/runtime_init.c.obj
                0x1000650c                __pre_init_runtime_init_install_ram_vector_table
 .preinit_array.11000
                0x10006510        0x4 CMakeFiles/beadsense_test.dir/C_/Users/info/.pico-sdk/sdk/2.2.0/src/common/pico_time/time.c.obj
                0x10006510                __pre_init_runtime_init_default_alarm_pool
 .preinit_array.YYYYY
                0x10006514        0x4 CMakeFiles/beadsense_test.dir/C_/Users/info/.pico-sdk/sdk/2.2.0/src/rp2_common/pico_runtime/runtime.c.obj
                0x10006514                __pre_init_first_per_core_initializer
 .preinit_array.ZZZZZ.01200
                0x10006518        0x4 CMakeFiles/beadsense_test.dir/C_/Users/info/.pico-sdk/sdk/2.2.0/src/rp2_common/hardware_irq/irq.c.obj
                0x10006518                __pre_init_runtime_init_per_core_irq_priorities
 *(.preinit_array)
                0x1000651c                        PROVIDE (__preinit_array_end = .)
                0x1000651c                        . = ALIGN (0x4)
                0x1000651c                        PROVIDE (__init_array_start = .)
 *(SORT_BY_NAME(.init_array.*))
 .init_array.01000
                0x1000651c        0x4 CMakeFiles/beadsense_test.dir/C_/Users/info/.pico-sdk/sdk/2.2.0/src/rp2_common/pico_unique_id/unique_id.c.obj
 *(.init_array)
 .init_array    0x10006520        0x4 c:/progra~2/armgnu~1/12977f~1.2mp/bin/../lib/gcc/arm-none-eabi/12.2.1/thumb/v6-m/nofp/crtbegin.o
                0x10006524                        PROVIDE (__init_array_end = .)
                0x10006524                        . = ALIGN (0x4)
                [!provide]                        PROVIDE (__fini_array_start = .)
 *(SORT_BY_NAME(.fini_array.*))
 *(.fini_array)
                [!provide]                        PROVIDE (__fini_array_end = .)
 *(.eh_frame*)
 .eh_frame      0x10006524        0x0 c:/progra~2/armgnu~1/12977f~1.2mp/bin/../lib/gcc/arm-none-eabi/12.2.1/thumb/v6-m/nofp/crtbegin.o
                0x10006524                        . = ALIGN (0x4)

.glue_7         0x10006524        0x0
 .glue_7        0x10006524        0x0 linker stubs

.glue_7t        0x10006524        0x0
 .glue_7t       0x10006524        0x0 linker stubs

.vfp11_veneer   0x10006524        0x0
 .vfp11_veneer  0x10006524        0x0 linker stubs

.v4_bx          0x10006524        0x0
 .v4_bx         0x10006524        0x0 linker stubs

.iplt           0x10006524        0x0
 .iplt          0x10006524        0x0 c:/progra~2/armgnu~1/12977f~1.2mp/bin/../lib/gcc/arm-none-eabi/12.2.1/thumb/v6-m/nofp/crtbegin.o

.rodata         0x10006528      0x430
 *(EXCLUDE_FILE(*libm.a: *libc.a:*lib_a-mem*.o *libgcc.a:) .rodata*)
 .rodata.frame_magic.0
                0x10006528        0x4 CMakeFiles/beadsense_test.dir/main.c.obj
 .rodata        0x1000652c       0x10 CMakeFiles/beadsense_test.dir/main.c.obj
 .rodata.panic.str1.4
                0x1000653c       0x12 CMakeFiles/beadsense_test.dir/C_/Users/info/.pico-sdk/sdk/2.2.0/src/rp2_common/pico_platform_panic/panic.c.obj
 *fill*         0x1000654e        0x2 
 .rodata.spin_lock_claim_unused.str1.4
                0x10006550       0x1b CMakeFiles/beadsense_test.dir/C_/Users/info/.pico-sdk/sdk/2.2.0/src/rp2_common/hardware_sync/sync.c.obj
 *fill*         0x1000656b        0x1 
 .rodata.user_irq_claim_unused.str1.4
                0x1000656c       0x1b CMakeFiles/beadsense_test.dir/C_/Users/info/.pico-sdk/sdk/2.2.0/src/rp2_common/hardware_irq/irq.c.obj
 *fill*         0x10006587        0x1 
 .rodata.at_the_end_of_time
                0x10006588        0x8 CMakeFiles/beadsense_test.dir/C_/Users/info/.pico-sdk/sdk/2.2.0/src/common/pico_time/time.c.obj
                0x10006588                at_the_end_of_time
 .rodata.timer_hardware_alarm_claim.str1.4
                0x10006590       0x22 CMakeFiles/beadsense_test.dir/C_/Users/info/.pico-sdk/sdk/2.2.0/src/rp2_common/hardware_timer/timer.c.obj
 *fill*         0x100065b2        0x2 
 .rodata.hard_assertion_failure.str1.4
                0x100065b4        0xc CMakeFiles/beadsense_test.dir/C_/Users/info/.pico-sdk/sdk/2.2.0/src/rp2_common/pico_runtime/runtime.c.obj
 .rodata.str1.4
                0x100065c0       0x44 CMakeFiles/beadsense_test.dir/C_/Users/info/.pico-sdk/sdk/2.2.0/src/rp2_common/pico_standard_binary_info/standard_binary_info.c.obj
 .rodata.__bi_84
                0x10006604        0xc CMakeFiles/beadsense_test.dir/C_/Users/info/.pico-sdk/sdk/2.2.0/src/rp2_common/pico_standard_binary_info/standard_binary_info.c.obj
 .rodata.__bi_78
                0x10006610        0xc CMakeFiles/beadsense_test.dir/C_/Users/info/.pico-sdk/sdk/2.2.0/src/rp2_common/pico_standard_binary_info/standard_binary_info.c.obj
 .rodata.__bi_54
                0x1000661c        0xc CMakeFiles/beadsense_test.dir/C_/Users/info/.pico-sdk/sdk/2.2.0/src/rp2_common/pico_standard_binary_info/standard_binary_info.c.obj
 .rodata.__bi_48
                0x10006628        0xc CMakeFiles/beadsense_test.dir/C_/Users/info/.pico-sdk/sdk/2.2.0/src/rp2_common/pico_standard_binary_info/standard_binary_info.c.obj
 .rodata.__bi_42
                0x10006634        0xc CMakeFiles/beadsense_test.dir/C_/Users/info/.pico-sdk/sdk/2.2.0/src/rp2_common/pico_standard_binary_info/standard_binary_info.c.obj
 .rodata.__bi_34
                0x10006640        0xc CMakeFiles/beadsense_test.dir/C_/Users/info/.pico-sdk/sdk/2.2.0/src/rp2_common/pico_standard_binary_info/standard_binary_info.c.obj
 .rodata.__bi_26
                0x1000664c        0xc CMakeFiles/beadsense_test.dir/C_/Users/info/.pico-sdk/sdk/2.2.0/src/rp2_common/pico_standard_binary_info/standard_binary_info.c.obj
 .rodata.crlf_str.0
                0x10006658        0x2 CMakeFiles/beadsense_test.dir/C_/Users/info/.pico-sdk/sdk/2.2.0/src/rp2_common/pico_stdio/stdio.c.obj
 *fill*         0x1000665a        0x2 
 .rodata._resetd_driver
                0x1000665c       0x20 CMakeFiles/beadsense_test.dir/C_/Users/info/.pico-sdk/sdk/2.2.0/src/rp2_common/pico_stdio_usb/reset_interface.c.obj
 .rodata.desc_ms_os_20
                0x1000667c       0xa6 CMakeFiles/beadsense_test.dir/C_/Users/info/.pico-sdk/sdk/2.2.0/src/rp2_common/pico_stdio_usb/reset_interface.c.obj
 *fill*         0x10006722        0x2 
 .rodata.desc_bos
                0x10006724       0x21 CMakeFiles/beadsense_test.dir/C_/Users/info/.pico-sdk/sdk/2.2.0/src/rp2_common/pico_stdio_usb/reset_interface.c.obj
                0x10006724                desc_bos
 *fill*         0x10006745        0x3 
 .rodata.str1.4
                0x10006748       0x13 CMakeFiles/beadsense_test.dir/C_/Users/info/.pico-sdk/sdk/2.2.0/src/rp2_common/pico_stdio_usb/stdio_usb.c.obj
 *fill*         0x1000675b        0x1 
 .rodata.__bi_202.0
                0x1000675c        0xc CMakeFiles/beadsense_test.dir/C_/Users/info/.pico-sdk/sdk/2.2.0/src/rp2_common/pico_stdio_usb/stdio_usb.c.obj
 .rodata.str1.4
                0x10006768       0x2a CMakeFiles/beadsense_test.dir/C_/Users/info/.pico-sdk/sdk/2.2.0/src/rp2_common/pico_stdio_usb/stdio_usb_descriptors.c.obj
 *fill*         0x10006792        0x2 
 .rodata.usbd_desc_str
                0x10006794       0x18 CMakeFiles/beadsense_test.dir/C_/Users/info/.pico-sdk/sdk/2.2.0/src/rp2_common/pico_stdio_usb/stdio_usb_descriptors.c.obj
 .rodata.usbd_desc_cfg
                0x100067ac       0x54 CMakeFiles/beadsense_test.dir/C_/Users/info/.pico-sdk/sdk/2.2.0/src/rp2_common/pico_stdio_usb/stdio_usb_descriptors.c.obj
 .rodata.usbd_desc_device
                0x10006800       0x12 CMakeFiles/beadsense_test.dir/C_/Users/info/.pico-sdk/sdk/2.2.0/src/rp2_common/pico_stdio_usb/stdio_usb_descriptors.c.obj
 *fill*         0x10006812        0x2 
 .rodata.str1.4
                0x10006814       0x14 CMakeFiles/beadsense_test.dir/C_/Users/info/.pico-sdk/sdk/2.2.0/lib/tinyusb/src/portable/raspberrypi/rp2040/dcd_rp2040.c.obj
 .rodata.str1.4
                0x10006828       0x48 CMakeFiles/beadsense_test.dir/C_/Users/info/.pico-sdk/sdk/2.2.0/lib/tinyusb/src/portable/raspberrypi/rp2040/rp2040_usb.c.obj
 .rodata.tud_task_ext
                0x10006870       0x8c CMakeFiles/beadsense_test.dir/C_/Users/info/.pico-sdk/sdk/2.2.0/lib/tinyusb/src/device/usbd.c.obj
 .rodata        0x100068fc       0x1c CMakeFiles/beadsense_test.dir/C_/Users/info/.pico-sdk/sdk/2.2.0/lib/tinyusb/src/device/usbd.c.obj
 .rodata._usbd_driver
                0x10006918       0x40 CMakeFiles/beadsense_test.dir/C_/Users/info/.pico-sdk/sdk/2.2.0/lib/tinyusb/src/device/usbd.c.obj
                0x10006958                        . = ALIGN (0x4)
 *(SORT_BY_ALIGNMENT(SORT_BY_NAME(.flashdata*)))
                0x10006958                        . = ALIGN (0x4)

.ARM.extab
 *(.ARM.extab* .gnu.linkonce.armextab.*)
                0x10006958                        __exidx_start = .

.ARM.exidx
 *(.ARM.exidx* .gnu.linkonce.armexidx.*)
                0x10006958                        __exidx_end = .
                0x10006958                        . = ALIGN (0x4)
                0x10006958                        __binary_info_start = .

.binary_info    0x10006958       0x20
 *(.binary_info.keep.*)
 .binary_info.keep.__bi_ptr84
                0x10006958        0x4 CMakeFiles/beadsense_test.dir/C_/Users/info/.pico-sdk/sdk/2.2.0/src/rp2_common/pico_standard_binary_info/standard_binary_info.c.obj
 .binary_info.keep.__bi_ptr78
                0x1000695c        0x4 CMakeFiles/beadsense_test.dir/C_/Users/info/.pico-sdk/sdk/2.2.0/src/rp2_common/pico_standard_binary_info/standard_binary_info.c.obj
 .binary_info.keep.__bi_ptr54
                0x10006960        0x4 CMakeFiles/beadsense_test.dir/C_/Users/info/.pico-sdk/sdk/2.2.0/src/rp2_common/pico_standard_binary_info/standard_binary_info.c.obj
 .binary_info.keep.__bi_ptr48
                0x10006964        0x4 CMakeFiles/beadsense_test.dir/C_/Users/info/.pico-sdk/sdk/2.2.0/src/rp2_common/pico_standard_binary_info/standard_binary_info.c.obj
 .binary_info.keep.__bi_ptr42
                0x10006968        0x4 CMakeFiles/beadsense_test.dir/C_/Users/info/.pico-sdk/sdk/2.2.0/src/rp2_common/pico_standard_binary_info/standard_binary_info.c.obj
 .binary_info.keep.__bi_ptr34
                0x1000696c        0x4 CMakeFiles/beadsense_test.dir/C_/Users/info/.pico-sdk/sdk/2.2.0/src/rp2_common/pico_standard_binary_info/standard_binary_info.c.obj
 .binary_info.keep.__bi_ptr26
                0x10006970        0x4 CMakeFiles/beadsense_test.dir/C_/Users/info/.pico-sdk/sdk/2.2.0/src/rp2_common/pico_standard_binary_info/standard_binary_info.c.obj
 *(.binary_info.*)
 .binary_info.__bi_ptr202
                0x10006974        0x4 CMakeFiles/beadsense_test.dir/C_/Users/info/.pico-sdk/sdk/2.2.0/src/rp2_common/pico_stdio_usb/stdio_usb.c.obj
                0x10006978                        __binary_info_end = .
                0x10006978                        . = ALIGN (0x4)

.ram_vector_table
                0x20000000       0xc0
 *(.ram_vector_table)
 .ram_vector_table
                0x20000000       0xc0 CMakeFiles/beadsense_test.dir/C_/Users/info/.pico-sdk/sdk/2.2.0/src/rp2_common/pico_runtime_init/runtime_init.c.obj
                0x20000000                ram_vector_table

.uninitialized_data
                0x200000c0        0x0
                0x200000c0                        . = ALIGN (0x4)
 *(.uninitialized_data*)

.data           0x200000c0     0x14f0 load address 0x10006978
                0x200000c0                        __data_start__ = .
 *(vtable)
 *(.time_critical*)
 .time_critical.mutex_try_enter
                0x200000c0       0x40 CMakeFiles/beadsense_test.dir/C_/Users/info/.pico-sdk/sdk/2.2.0/src/common/pico_sync/mutex.c.obj
                0x200000c0                mutex_try_enter
 .time_critical.mutex_try_enter_block_until
                0x20000100       0x9c CMakeFiles/beadsense_test.dir/C_/Users/info/.pico-sdk/sdk/2.2.0/src/common/pico_sync/mutex.c.obj
                0x20000100                mutex_try_enter_block_until
 .time_critical.mutex_enter_timeout_ms
                0x2000019c       0x90 CMakeFiles/beadsense_test.dir/C_/Users/info/.pico-sdk/sdk/2.2.0/src/common/pico_sync/mutex.c.obj
                0x2000019c                mutex_enter_timeout_ms
 .time_critical.mutex_exit
                0x2000022c       0x28 CMakeFiles/beadsense_test.dir/C_/Users/info/.pico-sdk/sdk/2.2.0/src/common/pico_sync/mutex.c.obj
                0x2000022c                mutex_exit
 .time_critical.flash_init_boot2_copyout
                0x20000254       0x30 CMakeFiles/beadsense_test.dir/C_/Users/info/.pico-sdk/sdk/2.2.0/src/rp2_common/hardware_flash/flash.c.obj
 .time_critical.flash_enable_xip_via_boot2
                0x20000284        0xc CMakeFiles/beadsense_test.dir/C_/Users/info/.pico-sdk/sdk/2.2.0/src/rp2_common/hardware_flash/flash.c.obj
 .time_critical.flash_save_hardware_state
                0x20000290       0x20 CMakeFiles/beadsense_test.dir/C_/Users/info/.pico-sdk/sdk/2.2.0/src/rp2_common/hardware_flash/flash.c.obj
 .time_critical.flash_restore_hardware_state
                0x200002b0       0x20 CMakeFiles/beadsense_test.dir/C_/Users/info/.pico-sdk/sdk/2.2.0/src/rp2_common/hardware_flash/flash.c.obj
 .time_critical.flash_cs_force
                0x200002d0       0x38 CMakeFiles/beadsense_test.dir/C_/Users/info/.pico-sdk/sdk/2.2.0/src/rp2_common/hardware_flash/flash.c.obj
 .time_critical.flash_do_cmd
                0x20000308       0xd0 CMakeFiles/beadsense_test.dir/C_/Users/info/.pico-sdk/sdk/2.2.0/src/rp2_common/hardware_flash/flash.c.obj
                0x20000308                flash_do_cmd
 .time_critical.reset_non_control_endpoints
                0x200003d8       0x68 CMakeFiles/beadsense_test.dir/C_/Users/info/.pico-sdk/sdk/2.2.0/lib/tinyusb/src/portable/raspberrypi/rp2040/dcd_rp2040.c.obj
 .time_critical.hw_handle_buff_status
                0x20000440       0x98 CMakeFiles/beadsense_test.dir/C_/Users/info/.pico-sdk/sdk/2.2.0/lib/tinyusb/src/portable/raspberrypi/rp2040/dcd_rp2040.c.obj
 .time_critical.dcd_rp2040_irq
                0x200004d8      0x550 CMakeFiles/beadsense_test.dir/C_/Users/info/.pico-sdk/sdk/2.2.0/lib/tinyusb/src/portable/raspberrypi/rp2040/dcd_rp2040.c.obj
 .time_critical.prepare_ep_buffer
                0x20000a28       0xe0 CMakeFiles/beadsense_test.dir/C_/Users/info/.pico-sdk/sdk/2.2.0/lib/tinyusb/src/portable/raspberrypi/rp2040/rp2040_usb.c.obj
 .time_critical.sync_ep_buffer
                0x20000b08       0xa8 CMakeFiles/beadsense_test.dir/C_/Users/info/.pico-sdk/sdk/2.2.0/lib/tinyusb/src/portable/raspberrypi/rp2040/rp2040_usb.c.obj
 .time_critical._hw_endpoint_xfer_sync
                0x20000bb0       0x28 CMakeFiles/beadsense_test.dir/C_/Users/info/.pico-sdk/sdk/2.2.0/lib/tinyusb/src/portable/raspberrypi/rp2040/rp2040_usb.c.obj
 .time_critical.e15_is_bulkin_ep
                0x20000bd8       0x28 CMakeFiles/beadsense_test.dir/C_/Users/info/.pico-sdk/sdk/2.2.0/lib/tinyusb/src/portable/raspberrypi/rp2040/rp2040_usb.c.obj
 .time_critical.e15_is_critical_frame_period
                0x20000c00       0x34 CMakeFiles/beadsense_test.dir/C_/Users/info/.pico-sdk/sdk/2.2.0/lib/tinyusb/src/portable/raspberrypi/rp2040/rp2040_usb.c.obj
 .time_critical.hw_endpoint_reset_transfer
                0x20000c34        0xc CMakeFiles/beadsense_test.dir/C_/Users/info/.pico-sdk/sdk/2.2.0/lib/tinyusb/src/portable/raspberrypi/rp2040/rp2040_usb.c.obj
                0x20000c34                hw_endpoint_reset_transfer
 .time_critical._hw_endpoint_buffer_control_update32
                0x20000c40       0x50 CMakeFiles/beadsense_test.dir/C_/Users/info/.pico-sdk/sdk/2.2.0/lib/tinyusb/src/portable/raspberrypi/rp2040/rp2040_usb.c.obj
                0x20000c40                _hw_endpoint_buffer_control_update32
 .time_critical.hw_endpoint_start_next_buffer
                0x20000c90       0x6c CMakeFiles/beadsense_test.dir/C_/Users/info/.pico-sdk/sdk/2.2.0/lib/tinyusb/src/portable/raspberrypi/rp2040/rp2040_usb.c.obj
                0x20000c90                hw_endpoint_start_next_buffer
 .time_critical.hw_endpoint_xfer_continue
                0x20000cfc       0x40 CMakeFiles/beadsense_test.dir/C_/Users/info/.pico-sdk/sdk/2.2.0/lib/tinyusb/src/portable/raspberrypi/rp2040/rp2040_usb.c.obj
                0x20000cfc                hw_endpoint_xfer_continue
 .time_critical.tinyusb
                0x20000d3c      0x1e4 CMakeFiles/beadsense_test.dir/C_/Users/info/.pico-sdk/sdk/2.2.0/lib/tinyusb/src/device/usbd.c.obj
                0x20000d3c                dcd_event_handler
 *(.text*)
 .text          0x20000f20        0x4 c:/progra~2/armgnu~1/12977f~1.2mp/bin/../lib/gcc/arm-none-eabi/12.2.1/thumb/v6-m/nofp\libgcc.a(_dvmd_tls.o)
                0x20000f20                __aeabi_idiv0
                0x20000f20                __aeabi_ldiv0
 *fill*         0x20000f24        0x4 
 .text.__stub   0x20000f28       0x80 linker stubs
                0x20000fa8                        . = ALIGN (0x4)
 *(.rodata*)
                0x20000fa8                        . = ALIGN (0x4)
 *(.data*)
 .data.striped_spin_lock_num
                0x20000fa8        0x1 CMakeFiles/beadsense_test.dir/C_/Users/info/.pico-sdk/sdk/2.2.0/src/rp2_common/hardware_sync/sync.c.obj
 *fill*         0x20000fa9        0x3 
 .data          0x20000fac       0x48 CMakeFiles/beadsense_test.dir/C_/Users/info/.pico-sdk/sdk/2.2.0/src/rp2_common/hardware_irq/irq_handler_chain.S.obj
                0x20000fac                irq_handler_chain_slots
                0x20000fdc                irq_handler_chain_first_slot
                0x20000fe6                irq_handler_chain_remove_tail
 .data.default_alarm_pool
                0x20000ff4       0x18 CMakeFiles/beadsense_test.dir/C_/Users/info/.pico-sdk/sdk/2.2.0/src/common/pico_time/time.c.obj
 *fill*         0x2000100c        0x4 
 .data.aeabi_bits_funcs
                0x20001010       0x10 CMakeFiles/beadsense_test.dir/C_/Users/info/.pico-sdk/sdk/2.2.0/src/rp2_common/pico_bit_ops/bit_ops_aeabi.S.obj
                0x20001010                aeabi_bits_funcs
                0x20001020                aeabi_bits_funcs_end
 .data.aeabi_mem_funcs
                0x20001020       0x10 CMakeFiles/beadsense_test.dir/C_/Users/info/.pico-sdk/sdk/2.2.0/src/rp2_common/pico_mem_ops/mem_ops_aeabi.S.obj
                0x20001020                aeabi_mem_funcs
                0x20001030                aeabi_mem_funcs_end
 .data.stdio_usb
                0x20001030       0x18 CMakeFiles/beadsense_test.dir/C_/Users/info/.pico-sdk/sdk/2.2.0/src/rp2_common/pico_stdio_usb/stdio_usb.c.obj
                0x20001030                stdio_usb
 .data._usbd_qdef
                0x20001048       0x1c CMakeFiles/beadsense_test.dir/C_/Users/info/.pico-sdk/sdk/2.2.0/lib/tinyusb/src/device/usbd.c.obj
                0x20001048                _usbd_qdef
 .data._usbd_rhport
                0x20001064        0x1 CMakeFiles/beadsense_test.dir/C_/Users/info/.pico-sdk/sdk/2.2.0/lib/tinyusb/src/device/usbd.c.obj
 *fill*         0x20001065        0x3 
 .data.__malloc_sbrk_base
                0x20001068        0x4 c:/progra~2/armgnu~1/12977f~1.2mp/bin/../lib/gcc/arm-none-eabi/12.2.1/thumb/v6-m/nofp\libg.a(libc_a-mallocr.o)
                0x20001068                __malloc_sbrk_base
 .data.__malloc_trim_threshold
                0x2000106c        0x4 c:/progra~2/armgnu~1/12977f~1.2mp/bin/../lib/gcc/arm-none-eabi/12.2.1/thumb/v6-m/nofp\libg.a(libc_a-mallocr.o)
                0x2000106c                __malloc_trim_threshold
 .data.__malloc_av_
                0x20001070      0x408 c:/progra~2/armgnu~1/12977f~1.2mp/bin/../lib/gcc/arm-none-eabi/12.2.1/thumb/v6-m/nofp\libg.a(libc_a-mallocr.o)
                0x20001070                __malloc_av_
 .data.__sglue  0x20001478        0xc c:/progra~2/armgnu~1/12977f~1.2mp/bin/../lib/gcc/arm-none-eabi/12.2.1/thumb/v6-m/nofp\libg.a(libc_a-findfp.o)
                0x20001478                __sglue
 .data._impure_ptr
                0x20001484        0x4 c:/progra~2/armgnu~1/12977f~1.2mp/bin/../lib/gcc/arm-none-eabi/12.2.1/thumb/v6-m/nofp\libg.a(libc_a-impure.o)
                0x20001484                _impure_ptr
 .data._impure_data
                0x20001488      0x120 c:/progra~2/armgnu~1/12977f~1.2mp/bin/../lib/gcc/arm-none-eabi/12.2.1/thumb/v6-m/nofp\libg.a(libc_a-impure.o)
                0x20001488                _impure_data
                0x200015a8                        . = ALIGN (0x4)
 *(.after_data.*)
                0x200015a8                        . = ALIGN (0x4)
                0x200015a8                        PROVIDE (__mutex_array_start = .)
 *(SORT_BY_NAME(.mutex_array.*))
 *(.mutex_array)
 .mutex_array   0x200015a8        0x8 CMakeFiles/beadsense_test.dir/C_/Users/info/.pico-sdk/sdk/2.2.0/src/rp2_common/pico_stdio/stdio.c.obj
                0x200015b0                        PROVIDE (__mutex_array_end = .)
                0x200015b0                        . = ALIGN (0x4)
 *(.jcr)
                0x200015b0                        . = ALIGN (0x4)

.tm_clone_table
                0x200015b0        0x0 load address 0x10007e68
 .tm_clone_table
                0x200015b0        0x0 c:/progra~2/armgnu~1/12977f~1.2mp/bin/../lib/gcc/arm-none-eabi/12.2.1/thumb/v6-m/nofp/crtbegin.o
 .tm_clone_table
                0x200015b0        0x0 c:/progra~2/armgnu~1/12977f~1.2mp/bin/../lib/gcc/arm-none-eabi/12.2.1/thumb/v6-m/nofp/crtend.o

.igot.plt       0x200015b0        0x0 load address 0x10007e68
 .igot.plt      0x200015b0        0x0 c:/progra~2/armgnu~1/12977f~1.2mp/bin/../lib/gcc/arm-none-eabi/12.2.1/thumb/v6-m/nofp/crtbegin.o

.tdata          0x200015b0        0x0 load address 0x10007e68
                0x200015b0                        . = ALIGN (0x4)
 *(.tdata .tdata.* .gnu.linkonce.td.*)
                0x200015b0                        __tdata_end = .
                0x200015b0                        PROVIDE (__data_end__ = .)
                0x10006978                        __etext = LOADADDR (.data)

.tbss           0x200015b0        0x0 load address 0x10007e68
                0x200015b0                        . = ALIGN (0x4)
                0x200015b0                        __bss_start__ = .
                0x200015b0                        __tls_base = .
 *(.tbss .tbss.* .gnu.linkonce.tb.*)
 *(.tcommon)
                0x200015b0                        __tls_end = .

.bss            0x200015b0     0x1c34 load address 0x10007e68
                0x200015b0                        . = ALIGN (0x4)
                0x200015b0                        __tbss_end = .
 *(SORT_BY_ALIGNMENT(SORT_BY_NAME(.bss*)))
 .bss.default_alarm_pool_entries
                0x200015b0      0x180 CMakeFiles/beadsense_test.dir/C_/Users/info/.pico-sdk/sdk/2.2.0/src/common/pico_time/time.c.obj
 .bss.last_avail_time.1
                0x20001730        0x8 CMakeFiles/beadsense_test.dir/C_/Users/info/.pico-sdk/sdk/2.2.0/src/rp2_common/pico_stdio_usb/stdio_usb.c.obj
 .bss.sd_table  0x20001738      0x100 CMakeFiles/beadsense_test.dir/C_/Users/info/.pico-sdk/sdk/2.2.0/src/rp2_common/pico_double/double_init_rom_rp2040.c.obj
                0x20001738                sd_table
 .bss.sf_table  0x20001838      0x100 CMakeFiles/beadsense_test.dir/C_/Users/info/.pico-sdk/sdk/2.2.0/src/rp2_common/pico_float/float_init_rom_rp2040.c.obj
                0x20001838                sf_table
 .bss.__lock___malloc_recursive_mutex
                0x20001938        0x1 c:/progra~2/armgnu~1/12977f~1.2mp/bin/../lib/gcc/arm-none-eabi/12.2.1/thumb/v6-m/nofp\libg.a(libc_a-lock.o)
                0x20001938                __lock___malloc_recursive_mutex
 *fill*         0x20001939        0x3 
 .bss.__lock___sfp_recursive_mutex
                0x2000193c        0x1 c:/progra~2/armgnu~1/12977f~1.2mp/bin/../lib/gcc/arm-none-eabi/12.2.1/thumb/v6-m/nofp\libg.a(libc_a-lock.o)
                0x2000193c                __lock___sfp_recursive_mutex
 *fill*         0x2000193d        0x3 
 .bss.__malloc_current_mallinfo
                0x20001940       0x28 c:/progra~2/armgnu~1/12977f~1.2mp/bin/../lib/gcc/arm-none-eabi/12.2.1/thumb/v6-m/nofp\libg.a(libc_a-mallocr.o)
                0x20001940                __malloc_current_mallinfo
 .bss.__malloc_max_sbrked_mem
                0x20001968        0x4 c:/progra~2/armgnu~1/12977f~1.2mp/bin/../lib/gcc/arm-none-eabi/12.2.1/thumb/v6-m/nofp\libg.a(libc_a-mallocr.o)
                0x20001968                __malloc_max_sbrked_mem
 .bss.__malloc_max_total_mem
                0x2000196c        0x4 c:/progra~2/armgnu~1/12977f~1.2mp/bin/../lib/gcc/arm-none-eabi/12.2.1/thumb/v6-m/nofp\libg.a(libc_a-mallocr.o)
                0x2000196c                __malloc_max_total_mem
 .bss.__malloc_top_pad
                0x20001970        0x4 c:/progra~2/armgnu~1/12977f~1.2mp/bin/../lib/gcc/arm-none-eabi/12.2.1/thumb/v6-m/nofp\libg.a(libc_a-mallocr.o)
                0x20001970                __malloc_top_pad
 .bss.__sf      0x20001974      0x138 c:/progra~2/armgnu~1/12977f~1.2mp/bin/../lib/gcc/arm-none-eabi/12.2.1/thumb/v6-m/nofp\libg.a(libc_a-findfp.o)
                0x20001974                __sf
 .bss.__stdio_exit_handler
                0x20001aac        0x4 c:/progra~2/armgnu~1/12977f~1.2mp/bin/../lib/gcc/arm-none-eabi/12.2.1/thumb/v6-m/nofp\libg.a(libc_a-findfp.o)
                0x20001aac                __stdio_exit_handler
 .bss._app_driver
                0x20001ab0        0x4 CMakeFiles/beadsense_test.dir/C_/Users/info/.pico-sdk/sdk/2.2.0/lib/tinyusb/src/device/usbd.c.obj
 .bss._cdcd_epbuf
                0x20001ab4       0x80 CMakeFiles/beadsense_test.dir/C_/Users/info/.pico-sdk/sdk/2.2.0/lib/tinyusb/src/class/cdc/cdc_device.c.obj
 .bss._cdcd_fifo_cfg
                0x20001b34        0x1 CMakeFiles/beadsense_test.dir/C_/Users/info/.pico-sdk/sdk/2.2.0/lib/tinyusb/src/class/cdc/cdc_device.c.obj
 *fill*         0x20001b35        0x3 
 .bss._cdcd_itf
                0x20001b38       0xc8 CMakeFiles/beadsense_test.dir/C_/Users/info/.pico-sdk/sdk/2.2.0/lib/tinyusb/src/class/cdc/cdc_device.c.obj
 .bss._ctrl_epbuf
                0x20001c00       0x40 CMakeFiles/beadsense_test.dir/C_/Users/info/.pico-sdk/sdk/2.2.0/lib/tinyusb/src/device/usbd_control.c.obj
 .bss._ctrl_xfer
                0x20001c40       0x14 CMakeFiles/beadsense_test.dir/C_/Users/info/.pico-sdk/sdk/2.2.0/lib/tinyusb/src/device/usbd_control.c.obj
 .bss._tusb_rhport_role
                0x20001c54        0x2 CMakeFiles/beadsense_test.dir/C_/Users/info/.pico-sdk/sdk/2.2.0/lib/tinyusb/src/tusb.c.obj
                0x20001c54                _tusb_rhport_role
 *fill*         0x20001c56        0x2 
 .bss._ubsd_mutexdef
                0x20001c58        0x8 CMakeFiles/beadsense_test.dir/C_/Users/info/.pico-sdk/sdk/2.2.0/lib/tinyusb/src/device/usbd.c.obj
 .bss._usbd_dev
                0x20001c60       0x54 CMakeFiles/beadsense_test.dir/C_/Users/info/.pico-sdk/sdk/2.2.0/lib/tinyusb/src/device/usbd.c.obj
 .bss._usbd_mutex
                0x20001cb4        0x4 CMakeFiles/beadsense_test.dir/C_/Users/info/.pico-sdk/sdk/2.2.0/lib/tinyusb/src/device/usbd.c.obj
 .bss._usbd_q   0x20001cb8        0x4 CMakeFiles/beadsense_test.dir/C_/Users/info/.pico-sdk/sdk/2.2.0/lib/tinyusb/src/device/usbd.c.obj
 .bss._usbd_qdef_buf
                0x20001cbc       0xc0 CMakeFiles/beadsense_test.dir/C_/Users/info/.pico-sdk/sdk/2.2.0/lib/tinyusb/src/device/usbd.c.obj
                0x20001cbc                _usbd_qdef_buf
 .bss._vendord_epbuf
                0x20001d7c       0x80 CMakeFiles/beadsense_test.dir/C_/Users/info/.pico-sdk/sdk/2.2.0/lib/tinyusb/src/class/vendor/vendor_device.c.obj
 .bss._vendord_itf
                0x20001dfc      0x24c CMakeFiles/beadsense_test.dir/C_/Users/info/.pico-sdk/sdk/2.2.0/lib/tinyusb/src/class/vendor/vendor_device.c.obj
 .bss.boot2_copyout
                0x20002048      0x100 CMakeFiles/beadsense_test.dir/C_/Users/info/.pico-sdk/sdk/2.2.0/src/rp2_common/hardware_flash/flash.c.obj
 .bss.chars_available_callback
                0x20002148        0x4 CMakeFiles/beadsense_test.dir/C_/Users/info/.pico-sdk/sdk/2.2.0/src/rp2_common/pico_stdio_usb/stdio_usb.c.obj
 .bss.chars_available_param
                0x2000214c        0x4 CMakeFiles/beadsense_test.dir/C_/Users/info/.pico-sdk/sdk/2.2.0/src/rp2_common/pico_stdio_usb/stdio_usb.c.obj
 .bss.claimed   0x20002150        0x4 CMakeFiles/beadsense_test.dir/C_/Users/info/.pico-sdk/sdk/2.2.0/src/rp2_common/hardware_sync/sync.c.obj
 .bss.claimed   0x20002154        0x1 CMakeFiles/beadsense_test.dir/C_/Users/info/.pico-sdk/sdk/2.2.0/src/rp2_common/hardware_timer/timer.c.obj
 *fill*         0x20002155        0x3 
 .bss.configured_freq
                0x20002158       0x28 CMakeFiles/beadsense_test.dir/C_/Users/info/.pico-sdk/sdk/2.2.0/src/rp2_common/hardware_clocks/clocks.c.obj
 .bss.desc_str.0
                0x20002180       0x28 CMakeFiles/beadsense_test.dir/C_/Users/info/.pico-sdk/sdk/2.2.0/src/rp2_common/pico_stdio_usb/stdio_usb_descriptors.c.obj
 .bss.drivers   0x200021a8        0x4 CMakeFiles/beadsense_test.dir/C_/Users/info/.pico-sdk/sdk/2.2.0/src/rp2_common/pico_stdio/stdio.c.obj
 .bss.e15_last_sof
                0x200021ac        0x4 CMakeFiles/beadsense_test.dir/C_/Users/info/.pico-sdk/sdk/2.2.0/lib/tinyusb/src/portable/raspberrypi/rp2040/rp2040_usb.c.obj
                0x200021ac                e15_last_sof
 .bss.errno     0x200021b0        0x4 c:/progra~2/armgnu~1/12977f~1.2mp/bin/../lib/gcc/arm-none-eabi/12.2.1/thumb/v6-m/nofp\libg.a(libc_a-reent.o)
                0x200021b0                errno
 .bss.filter    0x200021b4        0x4 CMakeFiles/beadsense_test.dir/C_/Users/info/.pico-sdk/sdk/2.2.0/src/rp2_common/pico_stdio/stdio.c.obj
 .bss.heap_end.0
                0x200021b8        0x4 CMakeFiles/beadsense_test.dir/C_/Users/info/.pico-sdk/sdk/2.2.0/src/rp2_common/pico_clib_interface/newlib_interface.c.obj
 .bss.hw_endpoints
                0x200021bc      0x400 CMakeFiles/beadsense_test.dir/C_/Users/info/.pico-sdk/sdk/2.2.0/lib/tinyusb/src/portable/raspberrypi/rp2040/dcd_rp2040.c.obj
 .bss.lazy_vsnprintf
                0x200025bc        0x4 CMakeFiles/beadsense_test.dir/C_/Users/info/.pico-sdk/sdk/2.2.0/src/rp2_common/pico_printf/printf.c.obj
 .bss.load_value
                0x200025c0        0x4 CMakeFiles/beadsense_test.dir/C_/Users/info/.pico-sdk/sdk/2.2.0/src/rp2_common/hardware_watchdog/watchdog.c.obj
 .bss.next_buffer_ptr
                0x200025c4        0x4 CMakeFiles/beadsense_test.dir/C_/Users/info/.pico-sdk/sdk/2.2.0/lib/tinyusb/src/portable/raspberrypi/rp2040/dcd_rp2040.c.obj
 .bss.object.0  0x200025c8       0x18 c:/progra~2/armgnu~1/12977f~1.2mp/bin/../lib/gcc/arm-none-eabi/12.2.1/thumb/v6-m/nofp/crtbegin.o
 .bss.one_shot_timer_crit_sec
                0x200025e0        0x8 CMakeFiles/beadsense_test.dir/C_/Users/info/.pico-sdk/sdk/2.2.0/src/rp2_common/pico_stdio_usb/stdio_usb.c.obj
 .bss.pools     0x200025e8       0x10 CMakeFiles/beadsense_test.dir/C_/Users/info/.pico-sdk/sdk/2.2.0/src/common/pico_time/time.c.obj
 .bss.profile   0x200025f8      0xbb8 CMakeFiles/beadsense_test.dir/main.c.obj
 .bss.retrieved_id
                0x200031b0        0x8 CMakeFiles/beadsense_test.dir/C_/Users/info/.pico-sdk/sdk/2.2.0/src/rp2_common/pico_unique_id/unique_id.c.obj
 .bss.sf_clz_func
                0x200031b8        0x4 CMakeFiles/beadsense_test.dir/C_/Users/info/.pico-sdk/sdk/2.2.0/src/rp2_common/pico_double/double_init_rom_rp2040.c.obj
                0x200031b8                sf_clz_func
 .bss.sleep_notifier
                0x200031bc        0x4 CMakeFiles/beadsense_test.dir/C_/Users/info/.pico-sdk/sdk/2.2.0/src/common/pico_time/time.c.obj
 .bss.stdio_usb_mutex
                0x200031c0        0x8 CMakeFiles/beadsense_test.dir/C_/Users/info/.pico-sdk/sdk/2.2.0/src/rp2_common/pico_stdio_usb/stdio_usb.c.obj
 .bss.usbd_serial_str
                0x200031c8       0x11 CMakeFiles/beadsense_test.dir/C_/Users/info/.pico-sdk/sdk/2.2.0/src/rp2_common/pico_stdio_usb/stdio_usb_descriptors.c.obj
 .bss._app_driver_count
                0x200031d9        0x1 CMakeFiles/beadsense_test.dir/C_/Users/info/.pico-sdk/sdk/2.2.0/lib/tinyusb/src/device/usbd.c.obj
 .bss._sof_enable
                0x200031da        0x1 CMakeFiles/beadsense_test.dir/C_/Users/info/.pico-sdk/sdk/2.2.0/lib/tinyusb/src/portable/raspberrypi/rp2040/dcd_rp2040.c.obj
 .bss._usbd_queued_setup
                0x200031db        0x1 CMakeFiles/beadsense_test.dir/C_/Users/info/.pico-sdk/sdk/2.2.0/lib/tinyusb/src/device/usbd.c.obj
 .bss.boot2_copyout_valid
                0x200031dc        0x1 CMakeFiles/beadsense_test.dir/C_/Users/info/.pico-sdk/sdk/2.2.0/src/rp2_common/hardware_flash/flash.c.obj
 .bss.irq_handler_chain_free_slot_head
                0x200031dd        0x1 CMakeFiles/beadsense_test.dir/C_/Users/info/.pico-sdk/sdk/2.2.0/src/rp2_common/hardware_irq/irq.c.obj
 .bss.itf_num   0x200031de        0x1 CMakeFiles/beadsense_test.dir/C_/Users/info/.pico-sdk/sdk/2.2.0/src/rp2_common/pico_stdio_usb/reset_interface.c.obj
 .bss.low_priority_irq_num
                0x200031df        0x1 CMakeFiles/beadsense_test.dir/C_/Users/info/.pico-sdk/sdk/2.2.0/src/rp2_common/pico_stdio_usb/stdio_usb.c.obj
 .bss.one_shot_timer_pending
                0x200031e0        0x1 CMakeFiles/beadsense_test.dir/C_/Users/info/.pico-sdk/sdk/2.2.0/src/rp2_common/pico_stdio_usb/stdio_usb.c.obj
 .bss.user_irq_claimed